******************************************************************************
                  TI ARM Linker PC v18.1.2                     
******************************************************************************
>> Linked Tue Jul 10 21:35:49 2018

OUTPUT FILE NAME:   <LED_Ctrl1.out>
ENTRY POINT SYMBOL: "_c_int00_noinit_noargs"  address: 0000056d


MEMORY CONFIGURATION

         name            origin    length      used     unused   attr    fill
----------------------  --------  ---------  --------  --------  ----  --------
  FLASH                 00000000   00040000  0000067a  0003f986  R  X
  SRAM                  20000000   00008000  00000200  00007e00  RW X


SEGMENT ALLOCATION MAP

run origin  load origin   length   init length attrs members
----------  ----------- ---------- ----------- ----- -------
00000000    00000000    0000067c   0000067c    r-x
  00000000    00000000    0000026c   0000026c    r-- .intvecs
  0000026c    0000026c    0000039e   0000039e    r-x .text
  0000060c    0000060c    00000070   00000070    r-- .const
20000000    20000000    00000200   00000000    rw-
  20000000    20000000    00000200   00000000    rw- .stack


SECTION ALLOCATION MAP

 output                                  attributes/
section   page    origin      length       input sections
--------  ----  ----------  ----------   ----------------
.intvecs   0    00000000    0000026c     
                  00000000    0000026c     tm4c123gh6pm_startup_ccs.obj (.intvecs)

.text      0    0000026c    0000039e     
                  0000026c    00000132     driverlib.lib : gpio.obj (.text:GPIOPadConfigSet)
                  0000039e    00000002     --HOLE-- [fill = 0]
                  000003a0    000000f4                   : sysctl.obj (.text:SysCtlClockSet)
                  00000494    00000068                   : interrupt.obj (.text:IntEnable)
                  000004fc    0000003c     main.obj (.text)
                  00000538    00000034     driverlib.lib : sysctl.obj (.text:SysCtlPeripheralEnable)
                  0000056c    00000030     rtsv7M4_T_le_v4SPD16_eabi.lib : boot_cortex_m.c.obj (.text:_c_int00_noinit_noargs:_c_int00_noinit_noargs)
                  0000059c    0000002a     driverlib.lib : gpio.obj (.text:GPIODirModeSet)
                  000005c6    00000018                   : gpio.obj (.text:GPIOPinTypeGPIOOutput)
                  000005de    00000012                   : gpio.obj (.text:GPIOPinTypeGPIOInput)
                  000005f0    0000000c     tm4c123gh6pm_startup_ccs.obj (.text)
                  000005fc    00000006     driverlib.lib : sysctl.obj (.text:SysCtlDelay)
                  00000602    00000004     rtsv7M4_T_le_v4SPD16_eabi.lib : pre_init.c.obj (.text:_system_pre_init)
                  00000606    00000004                                   : exit.c.obj (.text:abort:abort)

.const     0    0000060c    00000070     
                  0000060c    00000070     driverlib.lib : interrupt.obj (.const)

.cinit     0    00000000    00000000     UNINITIALIZED

.init_array 
*          0    00000000    00000000     UNINITIALIZED

.stack     0    20000000    00000200     UNINITIALIZED
                  20000000    00000004     rtsv7M4_T_le_v4SPD16_eabi.lib : boot_cortex_m.c.obj (.stack)
                  20000004    000001fc     --HOLE--

MODULE SUMMARY

       Module                         code   ro data   rw data
       ------                         ----   -------   -------
    .\
       tm4c123gh6pm_startup_ccs.obj   12     620       0      
       main.obj                       60     0         0      
    +--+------------------------------+------+---------+---------+
       Total:                         72     620       0      
                                                              
    D:/ti/TivaWare_C_Series-2.1.4.178/driverlib/ccs/Debug/driverlib.lib
       gpio.obj                       390    0         0      
       sysctl.obj                     302    0         0      
       interrupt.obj                  104    112       0      
    +--+------------------------------+------+---------+---------+
       Total:                         796    112       0      
                                                              
    D:\ti\ccsv8\tools\compiler\ti-cgt-arm_18.1.2.LTS\lib\rtsv7M4_T_le_v4SPD16_eabi.lib
       boot_cortex_m.c.obj            48     0         0      
       exit.c.obj                     4      0         0      
       pre_init.c.obj                 4      0         0      
    +--+------------------------------+------+---------+---------+
       Total:                         56     0         0      
                                                              
       Stack:                         0      0         512    
    +--+------------------------------+------+---------+---------+
       Grand Total:                   924    732       512    


GLOBAL SYMBOLS: SORTED ALPHABETICALLY BY Name 

address   name                  
-------   ----                  
00000607  C$$EXIT               
0000059d  GPIODirModeSet        
0000026d  GPIOPadConfigSet      
000005df  GPIOPinTypeGPIOInput  
000005c7  GPIOPinTypeGPIOOutput 
00000495  IntEnable             
000005f1  ResetISR              
000003a1  SysCtlClockSet        
000005fd  SysCtlDelay           
00000539  SysCtlPeripheralEnable
20000200  __STACK_END           
00000200  __STACK_SIZE          
20000200  __STACK_TOP           
ffffffff  __TI_pprof_out_hndl   
ffffffff  __TI_prof_data_size   
ffffffff  __TI_prof_data_start  
00000000  __TI_static_base__    
ffffffff  __binit__             
ffffffff  __c_args__            
UNDEFED   __mpu_init            
20000000  __stack               
0000056d  _c_int00_noinit_noargs
00000603  _system_pre_init      
00000607  abort                 
ffffffff  binit                 
00000000  g_pfnVectors          
000004fd  main                  


GLOBAL SYMBOLS: SORTED BY Symbol Address 

address   name                  
-------   ----                  
00000000  __TI_static_base__    
00000000  g_pfnVectors          
00000200  __STACK_SIZE          
0000026d  GPIOPadConfigSet      
000003a1  SysCtlClockSet        
00000495  IntEnable             
000004fd  main                  
00000539  SysCtlPeripheralEnable
0000056d  _c_int00_noinit_noargs
0000059d  GPIODirModeSet        
000005c7  GPIOPinTypeGPIOOutput 
000005df  GPIOPinTypeGPIOInput  
000005f1  ResetISR              
000005fd  SysCtlDelay           
00000603  _system_pre_init      
00000607  C$$EXIT               
00000607  abort                 
20000000  __stack               
20000200  __STACK_END           
20000200  __STACK_TOP           
ffffffff  __TI_pprof_out_hndl   
ffffffff  __TI_prof_data_size   
ffffffff  __TI_prof_data_start  
ffffffff  __binit__             
ffffffff  __c_args__            
ffffffff  binit                 
UNDEFED   __mpu_init            

[27 symbols]
