******************************************************************************
                  TI ARM Linker PC v18.1.2                     
******************************************************************************
>> Linked Fri Jul 20 22:28:05 2018

OUTPUT FILE NAME:   <SPWM3.out>
ENTRY POINT SYMBOL: "_c_int00_noargs"  address: 00000b11


MEMORY CONFIGURATION

         name            origin    length      used     unused   attr    fill
----------------------  --------  ---------  --------  --------  ----  --------
  FLASH                 00000000   00040000  000010ec  0003ef14  R  X
  SRAM                  20000000   00008000  00000528  00007ad8  RW X


SEGMENT ALLOCATION MAP

run origin  load origin   length   init length attrs members
----------  ----------- ---------- ----------- ----- -------
00000000    00000000    000010f0   000010f0    r-x
  00000000    00000000    0000026c   0000026c    r-- .intvecs
  0000026c    0000026c    00000a70   00000a70    r-x .text
  00000cdc    00000cdc    00000208   00000208    r-- .const
  00000ee8    00000ee8    00000208   00000208    r-- .cinit
20000000    20000000    00000528   00000000    rw-
  20000000    20000000    00000328   00000000    rw- .data
  20000328    20000328    00000200   00000000    rw- .stack


SECTION ALLOCATION MAP

 output                                  attributes/
section   page    origin      length       input sections
--------  ----  ----------  ----------   ----------------
.intvecs   0    00000000    0000026c     
                  00000000    0000026c     tm4c123gh6pm_startup_ccs.obj (.intvecs)

.text      0    0000026c    00000a70     
                  0000026c    00000314     main.obj (.text)
                  00000580    00000132     driverlib.lib : gpio.obj (.text:GPIOPadConfigSet)
                  000006b2    00000002     --HOLE-- [fill = 0]
                  000006b4    00000110                   : sysctl.obj (.text:SysCtlClockGet)
                  000007c4    000000f4                   : sysctl.obj (.text:SysCtlClockSet)
                  000008b8    0000009c     rtsv7M4_T_le_v4SPD16_eabi.lib : memcpy_t2.asm.obj (.text)
                  00000954    00000068     driverlib.lib : interrupt.obj (.text:IntEnable)
                  000009bc    00000068     rtsv7M4_T_le_v4SPD16_eabi.lib : copy_decompress_lzss.c.obj (.text:decompress:lzss:__TI_decompress_lzss)
                  00000a24    00000060     driverlib.lib : timer.obj (.text:TimerConfigure)
                  00000a84    00000048                   : gpio.obj (.text:GPIOPinConfigure)
                  00000acc    00000044     rtsv7M4_T_le_v4SPD16_eabi.lib : autoinit.c.obj (.text:__TI_auto_init_nobinit_nopinit:__TI_auto_init_nobinit_nopinit)
                  00000b10    00000038                                   : boot_cortex_m.c.obj (.text:_c_int00_noargs:_c_int00_noargs)
                  00000b48    00000034     driverlib.lib : sysctl.obj (.text:SysCtlPeripheralEnable)
                  00000b7c    0000002a                   : gpio.obj (.text:GPIODirModeSet)
                  00000ba6    00000002     --HOLE-- [fill = 0]
                  00000ba8    00000024                   : interrupt.obj (.text:IntPrioritySet)
                  00000bcc    00000022                   : pwm.obj (.text:PWMGenConfigure)
                  00000bee    0000001e                   : pwm.obj (.text:PWMPulseWidthSet)
                  00000c0c    00000014                   : sysctl.obj (.text:SysCtlPWMClockSet)
                  00000c20    00000012                   : gpio.obj (.text:GPIOPinTypeGPIOInput)
                  00000c32    00000012                   : gpio.obj (.text:GPIOPinTypePWM)
                  00000c44    00000012                   : pwm.obj (.text:PWMOutputState)
                  00000c56    00000012                   : timer.obj (.text:TimerLoadSet)
                  00000c68    00000010                   : pwm.obj (.text:PWMDeadBandEnable)
                  00000c78    00000010                   : pwm.obj (.text:PWMGenPeriodSet)
                  00000c88    0000000e                   : timer.obj (.text:TimerEnable)
                  00000c96    0000000e     rtsv7M4_T_le_v4SPD16_eabi.lib : copy_decompress_none.c.obj (.text:decompress:none:__TI_decompress_none)
                  00000ca4    0000000c     driverlib.lib : pwm.obj (.text:PWMGenEnable)
                  00000cb0    0000000c     tm4c123gh6pm_startup_ccs.obj (.text)
                  00000cbc    00000008     driverlib.lib : timer.obj (.text:TimerIntEnable)
                  00000cc4    00000006                   : gpio.obj (.text:GPIOPinRead)
                  00000cca    00000006                   : sysctl.obj (.text:SysCtlDelay)
                  00000cd0    00000004                   : timer.obj (.text:TimerIntClear)
                  00000cd4    00000004     rtsv7M4_T_le_v4SPD16_eabi.lib : pre_init.c.obj (.text:_system_pre_init)
                  00000cd8    00000004                                   : exit.c.obj (.text:abort:abort)

.const     0    00000cdc    00000208     
                  00000cdc    0000009c     driverlib.lib : interrupt.obj (.const:g_pui32Regs)
                  00000d78    00000090                   : gpio.obj (.const:g_pui32GPIOBaseAddrs)
                  00000e08    00000070                   : interrupt.obj (.const)
                  00000e78    0000006c                   : sysctl.obj (.const:g_pui32Xtals)

.cinit     0    00000ee8    00000208     
                  00000ee8    000001f6     (.cinit..data.load) [load image, compression = lzss]
                  000010de    00000002     --HOLE-- [fill = 0]
                  000010e0    00000008     (__TI_handler_table)
                  000010e8    00000008     (__TI_cinit_table)

.init_array 
*          0    00000000    00000000     UNINITIALIZED

.data      0    20000000    00000328     UNINITIALIZED
                  20000000    00000320     main.obj (.data:SPWMData)
                  20000320    00000008     main.obj (.data)

.stack     0    20000328    00000200     UNINITIALIZED
                  20000328    00000004     rtsv7M4_T_le_v4SPD16_eabi.lib : boot_cortex_m.c.obj (.stack)
                  2000032c    000001fc     --HOLE--

MODULE SUMMARY

       Module                         code   ro data   rw data
       ------                         ----   -------   -------
    .\
       main.obj                       788    0         808    
       tm4c123gh6pm_startup_ccs.obj   12     620       0      
    +--+------------------------------+------+---------+---------+
       Total:                         800    620       808    
                                                              
    D:/ti/TivaWare_C_Series-2.1.4.178/driverlib/ccs/Debug/driverlib.lib
       sysctl.obj                     594    108       0      
       gpio.obj                       462    144       0      
       interrupt.obj                  140    268       0      
       timer.obj                      140    0         0      
       pwm.obj                        126    0         0      
    +--+------------------------------+------+---------+---------+
       Total:                         1462   520       0      
                                                              
    D:\ti\ccsv8\tools\compiler\ti-cgt-arm_18.1.2.LTS\lib\rtsv7M4_T_le_v4SPD16_eabi.lib
       memcpy_t2.asm.obj              156    0         0      
       copy_decompress_lzss.c.obj     104    0         0      
       autoinit.c.obj                 68     0         0      
       boot_cortex_m.c.obj            56     0         0      
       copy_decompress_none.c.obj     14     0         0      
       exit.c.obj                     4      0         0      
       pre_init.c.obj                 4      0         0      
    +--+------------------------------+------+---------+---------+
       Total:                         406    0         0      
                                                              
       Stack:                         0      0         512    
       Linker Generated:              0      518       0      
    +--+------------------------------+------+---------+---------+
       Grand Total:                   2668   1658      1320   


LINKER GENERATED COPY TABLES

__TI_cinit_table @ 000010e8 records: 1, size/record: 8, table size: 8
	.data: load addr=00000ee8, load size=000001f6 bytes, run addr=20000000, run size=00000328 bytes, compression=lzss


LINKER GENERATED HANDLER TABLE

__TI_handler_table @ 000010e0 records: 2, size/record: 4, table size: 8
	index: 0, handler: __TI_decompress_lzss
	index: 1, handler: __TI_decompress_none


GLOBAL SYMBOLS: SORTED ALPHABETICALLY BY Name 

address   name                          
-------   ----                          
0000045d  ButtonDown                    
00000cd9  C$$EXIT                       
00000b7d  GPIODirModeSet                
00000581  GPIOPadConfigSet              
00000a85  GPIOPinConfigure              
00000cc5  GPIOPinRead                   
00000c21  GPIOPinTypeGPIOInput          
00000c33  GPIOPinTypePWM                
00000955  IntEnable                     
00000ba9  IntPrioritySet                
00000c69  PWMDeadBandEnable             
00000bcd  PWMGenConfigure               
00000ca5  PWMGenEnable                  
00000c79  PWMGenPeriodSet               
00000c45  PWMOutputState                
00000bef  PWMPulseWidthSet              
20000320  Period                        
00000cb1  ResetISR                      
20000000  SPWMData                      
000006b5  SysCtlClockGet                
000007c5  SysCtlClockSet                
00000ccb  SysCtlDelay                   
00000c0d  SysCtlPWMClockSet             
00000b49  SysCtlPeripheralEnable        
000004db  TIMER0IntHandler              
00000a25  TimerConfigure                
00000c89  TimerEnable                   
00000cd1  TimerIntClear                 
00000cbd  TimerIntEnable                
00000c57  TimerLoadSet                  
20000528  __STACK_END                   
00000200  __STACK_SIZE                  
20000528  __STACK_TOP                   
000010e8  __TI_CINIT_Base               
000010f0  __TI_CINIT_Limit              
000010e0  __TI_Handler_Table_Base       
000010e8  __TI_Handler_Table_Limit      
00000acd  __TI_auto_init_nobinit_nopinit
000009bd  __TI_decompress_lzss          
00000c97  __TI_decompress_none          
ffffffff  __TI_pprof_out_hndl           
ffffffff  __TI_prof_data_size           
ffffffff  __TI_prof_data_start          
00000000  __TI_static_base__            
000008b9  __aeabi_memcpy                
000008b9  __aeabi_memcpy4               
000008b9  __aeabi_memcpy8               
ffffffff  __binit__                     
ffffffff  __c_args__                    
UNDEFED   __mpu_init                    
20000328  __stack                       
00000b11  _c_int00_noargs               
UNDEFED   _system_post_cinit            
00000cd5  _system_pre_init              
00000cd9  abort                         
ffffffff  binit                         
00000000  g_pfnVectors                  
20000324  i                             
0000026d  main                          
000008b9  memcpy                        


GLOBAL SYMBOLS: SORTED BY Symbol Address 

address   name                          
-------   ----                          
00000000  __TI_static_base__            
00000000  g_pfnVectors                  
00000200  __STACK_SIZE                  
0000026d  main                          
0000045d  ButtonDown                    
000004db  TIMER0IntHandler              
00000581  GPIOPadConfigSet              
000006b5  SysCtlClockGet                
000007c5  SysCtlClockSet                
000008b9  __aeabi_memcpy                
000008b9  __aeabi_memcpy4               
000008b9  __aeabi_memcpy8               
000008b9  memcpy                        
00000955  IntEnable                     
000009bd  __TI_decompress_lzss          
00000a25  TimerConfigure                
00000a85  GPIOPinConfigure              
00000acd  __TI_auto_init_nobinit_nopinit
00000b11  _c_int00_noargs               
00000b49  SysCtlPeripheralEnable        
00000b7d  GPIODirModeSet                
00000ba9  IntPrioritySet                
00000bcd  PWMGenConfigure               
00000bef  PWMPulseWidthSet              
00000c0d  SysCtlPWMClockSet             
00000c21  GPIOPinTypeGPIOInput          
00000c33  GPIOPinTypePWM                
00000c45  PWMOutputState                
00000c57  TimerLoadSet                  
00000c69  PWMDeadBandEnable             
00000c79  PWMGenPeriodSet               
00000c89  TimerEnable                   
00000c97  __TI_decompress_none          
00000ca5  PWMGenEnable                  
00000cb1  ResetISR                      
00000cbd  TimerIntEnable                
00000cc5  GPIOPinRead                   
00000ccb  SysCtlDelay                   
00000cd1  TimerIntClear                 
00000cd5  _system_pre_init              
00000cd9  C$$EXIT                       
00000cd9  abort                         
000010e0  __TI_Handler_Table_Base       
000010e8  __TI_CINIT_Base               
000010e8  __TI_Handler_Table_Limit      
000010f0  __TI_CINIT_Limit              
20000000  SPWMData                      
20000320  Period                        
20000324  i                             
20000328  __stack                       
20000528  __STACK_END                   
20000528  __STACK_TOP                   
ffffffff  __TI_pprof_out_hndl           
ffffffff  __TI_prof_data_size           
ffffffff  __TI_prof_data_start          
ffffffff  __binit__                     
ffffffff  __c_args__                    
ffffffff  binit                         
UNDEFED   __mpu_init                    
UNDEFED   _system_post_cinit            

[60 symbols]
