******************************************************************************
                  TI ARM Linker PC v18.1.2                     
******************************************************************************
>> Linked Fri Jul 20 19:42:44 2018

OUTPUT FILE NAME:   <SPWM2.out>
ENTRY POINT SYMBOL: "_c_int00_noargs"  address: 000009a5


MEMORY CONFIGURATION

         name            origin    length      used     unused   attr    fill
----------------------  --------  ---------  --------  --------  ----  --------
  FLASH                 00000000   00040000  00000f68  0003f098  R  X
  SRAM                  20000000   00008000  00000528  00007ad8  RW X


SEGMENT ALLOCATION MAP

run origin  load origin   length   init length attrs members
----------  ----------- ---------- ----------- ----- -------
00000000    00000000    00000f68   00000f68    r-x
  00000000    00000000    0000026c   0000026c    r-- .intvecs
  0000026c    0000026c    000008ec   000008ec    r-x .text
  00000b58    00000b58    00000208   00000208    r-- .const
  00000d60    00000d60    00000208   00000208    r-- .cinit
20000000    20000000    00000528   00000000    rw-
  20000000    20000000    00000328   00000000    rw- .data
  20000328    20000328    00000200   00000000    rw- .stack


SECTION ALLOCATION MAP

 output                                  attributes/
section   page    origin      length       input sections
--------  ----  ----------  ----------   ----------------
.intvecs   0    00000000    0000026c     
                  00000000    0000026c     tm4c123gh6pm_startup_ccs.obj (.intvecs)

.text      0    0000026c    000008ec     
                  0000026c    000001a8     main.obj (.text)
                  00000414    00000132     driverlib.lib : gpio.obj (.text:GPIOPadConfigSet)
                  00000546    00000002     --HOLE-- [fill = 0]
                  00000548    00000110                   : sysctl.obj (.text:SysCtlClockGet)
                  00000658    000000f4                   : sysctl.obj (.text:SysCtlClockSet)
                  0000074c    0000009c     rtsv7M4_T_le_v4SPD16_eabi.lib : memcpy_t2.asm.obj (.text)
                  000007e8    00000068     driverlib.lib : interrupt.obj (.text:IntEnable)
                  00000850    00000068     rtsv7M4_T_le_v4SPD16_eabi.lib : copy_decompress_lzss.c.obj (.text:decompress:lzss:__TI_decompress_lzss)
                  000008b8    00000060     driverlib.lib : timer.obj (.text:TimerConfigure)
                  00000918    00000048                   : gpio.obj (.text:GPIOPinConfigure)
                  00000960    00000044     rtsv7M4_T_le_v4SPD16_eabi.lib : autoinit.c.obj (.text:__TI_auto_init_nobinit_nopinit:__TI_auto_init_nobinit_nopinit)
                  000009a4    00000038                                   : boot_cortex_m.c.obj (.text:_c_int00_noargs:_c_int00_noargs)
                  000009dc    00000034     driverlib.lib : sysctl.obj (.text:SysCtlPeripheralEnable)
                  00000a10    0000002a                   : gpio.obj (.text:GPIODirModeSet)
                  00000a3a    00000002     --HOLE-- [fill = 0]
                  00000a3c    00000024                   : interrupt.obj (.text:IntPrioritySet)
                  00000a60    00000022                   : pwm.obj (.text:PWMGenConfigure)
                  00000a82    0000001e                   : pwm.obj (.text:PWMPulseWidthSet)
                  00000aa0    00000014                   : sysctl.obj (.text:SysCtlPWMClockSet)
                  00000ab4    00000012                   : gpio.obj (.text:GPIOPinTypePWM)
                  00000ac6    00000012                   : pwm.obj (.text:PWMOutputState)
                  00000ad8    00000012                   : timer.obj (.text:TimerLoadSet)
                  00000aea    00000010                   : pwm.obj (.text:PWMDeadBandEnable)
                  00000afa    00000010                   : pwm.obj (.text:PWMGenPeriodSet)
                  00000b0a    0000000e                   : timer.obj (.text:TimerEnable)
                  00000b18    0000000e     rtsv7M4_T_le_v4SPD16_eabi.lib : copy_decompress_none.c.obj (.text:decompress:none:__TI_decompress_none)
                  00000b26    0000000c     driverlib.lib : pwm.obj (.text:PWMGenEnable)
                  00000b32    0000000c     tm4c123gh6pm_startup_ccs.obj (.text)
                  00000b3e    00000008     driverlib.lib : timer.obj (.text:TimerIntEnable)
                  00000b46    00000006                   : sysctl.obj (.text:SysCtlDelay)
                  00000b4c    00000004                   : timer.obj (.text:TimerIntClear)
                  00000b50    00000004     rtsv7M4_T_le_v4SPD16_eabi.lib : pre_init.c.obj (.text:_system_pre_init)
                  00000b54    00000004                                   : exit.c.obj (.text:abort:abort)

.const     0    00000b58    00000208     
                  00000b58    0000009c     driverlib.lib : interrupt.obj (.const:g_pui32Regs)
                  00000bf4    00000090                   : gpio.obj (.const:g_pui32GPIOBaseAddrs)
                  00000c84    00000070                   : interrupt.obj (.const)
                  00000cf4    0000006c                   : sysctl.obj (.const:g_pui32Xtals)

.cinit     0    00000d60    00000208     
                  00000d60    000001f6     (.cinit..data.load) [load image, compression = lzss]
                  00000f56    00000002     --HOLE-- [fill = 0]
                  00000f58    00000008     (__TI_handler_table)
                  00000f60    00000008     (__TI_cinit_table)

.init_array 
*          0    00000000    00000000     UNINITIALIZED

.data      0    20000000    00000328     UNINITIALIZED
                  20000000    00000320     main.obj (.data:SPWMData)
                  20000320    00000008     main.obj (.data)

.stack     0    20000328    00000200     UNINITIALIZED
                  20000328    00000004     rtsv7M4_T_le_v4SPD16_eabi.lib : boot_cortex_m.c.obj (.stack)
                  2000032c    000001fc     --HOLE--

MODULE SUMMARY

       Module                         code   ro data   rw data
       ------                         ----   -------   -------
    .\
       main.obj                       424    0         808    
       tm4c123gh6pm_startup_ccs.obj   12     620       0      
    +--+------------------------------+------+---------+---------+
       Total:                         436    620       808    
                                                              
    D:/ti/TivaWare_C_Series-2.1.4.178/driverlib/ccs/Debug/driverlib.lib
       sysctl.obj                     594    108       0      
       gpio.obj                       438    144       0      
       interrupt.obj                  140    268       0      
       timer.obj                      140    0         0      
       pwm.obj                        126    0         0      
    +--+------------------------------+------+---------+---------+
       Total:                         1438   520       0      
                                                              
    D:\ti\ccsv8\tools\compiler\ti-cgt-arm_18.1.2.LTS\lib\rtsv7M4_T_le_v4SPD16_eabi.lib
       memcpy_t2.asm.obj              156    0         0      
       copy_decompress_lzss.c.obj     104    0         0      
       autoinit.c.obj                 68     0         0      
       boot_cortex_m.c.obj            56     0         0      
       copy_decompress_none.c.obj     14     0         0      
       exit.c.obj                     4      0         0      
       pre_init.c.obj                 4      0         0      
    +--+------------------------------+------+---------+---------+
       Total:                         406    0         0      
                                                              
       Stack:                         0      0         512    
       Linker Generated:              0      518       0      
    +--+------------------------------+------+---------+---------+
       Grand Total:                   2280   1658      1320   


LINKER GENERATED COPY TABLES

__TI_cinit_table @ 00000f60 records: 1, size/record: 8, table size: 8
	.data: load addr=00000d60, load size=000001f6 bytes, run addr=20000000, run size=00000328 bytes, compression=lzss


LINKER GENERATED HANDLER TABLE

__TI_handler_table @ 00000f58 records: 2, size/record: 4, table size: 8
	index: 0, handler: __TI_decompress_lzss
	index: 1, handler: __TI_decompress_none


GLOBAL SYMBOLS: SORTED ALPHABETICALLY BY Name 

address   name                          
-------   ----                          
00000b55  C$$EXIT                       
00000a11  GPIODirModeSet                
00000415  GPIOPadConfigSet              
00000919  GPIOPinConfigure              
00000ab5  GPIOPinTypePWM                
000007e9  IntEnable                     
00000a3d  IntPrioritySet                
00000aeb  PWMDeadBandEnable             
00000a61  PWMGenConfigure               
00000b27  PWMGenEnable                  
00000afb  PWMGenPeriodSet               
00000ac7  PWMOutputState                
00000a83  PWMPulseWidthSet              
20000320  Period                        
00000b33  ResetISR                      
20000000  SPWMData                      
00000549  SysCtlClockGet                
00000659  SysCtlClockSet                
00000b47  SysCtlDelay                   
00000aa1  SysCtlPWMClockSet             
000009dd  SysCtlPeripheralEnable        
00000371  TIMER0IntHandler              
000008b9  TimerConfigure                
00000b0b  TimerEnable                   
00000b4d  TimerIntClear                 
00000b3f  TimerIntEnable                
00000ad9  TimerLoadSet                  
20000528  __STACK_END                   
00000200  __STACK_SIZE                  
20000528  __STACK_TOP                   
00000f60  __TI_CINIT_Base               
00000f68  __TI_CINIT_Limit              
00000f58  __TI_Handler_Table_Base       
00000f60  __TI_Handler_Table_Limit      
00000961  __TI_auto_init_nobinit_nopinit
00000851  __TI_decompress_lzss          
00000b19  __TI_decompress_none          
ffffffff  __TI_pprof_out_hndl           
ffffffff  __TI_prof_data_size           
ffffffff  __TI_prof_data_start          
00000000  __TI_static_base__            
0000074d  __aeabi_memcpy                
0000074d  __aeabi_memcpy4               
0000074d  __aeabi_memcpy8               
ffffffff  __binit__                     
ffffffff  __c_args__                    
UNDEFED   __mpu_init                    
20000328  __stack                       
000009a5  _c_int00_noargs               
UNDEFED   _system_post_cinit            
00000b51  _system_pre_init              
00000b55  abort                         
ffffffff  binit                         
00000000  g_pfnVectors                  
20000324  i                             
0000026d  main                          
0000074d  memcpy                        


GLOBAL SYMBOLS: SORTED BY Symbol Address 

address   name                          
-------   ----                          
00000000  __TI_static_base__            
00000000  g_pfnVectors                  
00000200  __STACK_SIZE                  
0000026d  main                          
00000371  TIMER0IntHandler              
00000415  GPIOPadConfigSet              
00000549  SysCtlClockGet                
00000659  SysCtlClockSet                
0000074d  __aeabi_memcpy                
0000074d  __aeabi_memcpy4               
0000074d  __aeabi_memcpy8               
0000074d  memcpy                        
000007e9  IntEnable                     
00000851  __TI_decompress_lzss          
000008b9  TimerConfigure                
00000919  GPIOPinConfigure              
00000961  __TI_auto_init_nobinit_nopinit
000009a5  _c_int00_noargs               
000009dd  SysCtlPeripheralEnable        
00000a11  GPIODirModeSet                
00000a3d  IntPrioritySet                
00000a61  PWMGenConfigure               
00000a83  PWMPulseWidthSet              
00000aa1  SysCtlPWMClockSet             
00000ab5  GPIOPinTypePWM                
00000ac7  PWMOutputState                
00000ad9  TimerLoadSet                  
00000aeb  PWMDeadBandEnable             
00000afb  PWMGenPeriodSet               
00000b0b  TimerEnable                   
00000b19  __TI_decompress_none          
00000b27  PWMGenEnable                  
00000b33  ResetISR                      
00000b3f  TimerIntEnable                
00000b47  SysCtlDelay                   
00000b4d  TimerIntClear                 
00000b51  _system_pre_init              
00000b55  C$$EXIT                       
00000b55  abort                         
00000f58  __TI_Handler_Table_Base       
00000f60  __TI_CINIT_Base               
00000f60  __TI_Handler_Table_Limit      
00000f68  __TI_CINIT_Limit              
20000000  SPWMData                      
20000320  Period                        
20000324  i                             
20000328  __stack                       
20000528  __STACK_END                   
20000528  __STACK_TOP                   
ffffffff  __TI_pprof_out_hndl           
ffffffff  __TI_prof_data_size           
ffffffff  __TI_prof_data_start          
ffffffff  __binit__                     
ffffffff  __c_args__                    
ffffffff  binit                         
UNDEFED   __mpu_init                    
UNDEFED   _system_post_cinit            

[57 symbols]
