******************************************************************************
                  TI ARM Linker PC v18.1.2                     
******************************************************************************
>> Linked Tue Jul 10 23:50:01 2018

OUTPUT FILE NAME:   <lab5.out>
ENTRY POINT SYMBOL: "_c_int00_noargs"  address: 00000835


MEMORY CONFIGURATION

         name            origin    length      used     unused   attr    fill
----------------------  --------  ---------  --------  --------  ----  --------
  FLASH                 00000000   00040000  00000a48  0003f5b8  R  X
  SRAM                  20000000   00008000  00000201  00007dff  RW X


SEGMENT ALLOCATION MAP

run origin  load origin   length   init length attrs members
----------  ----------- ---------- ----------- ----- -------
00000000    00000000    00000a48   00000a48    r-x
  00000000    00000000    0000026c   0000026c    r-- .intvecs
  0000026c    0000026c    000006e8   000006e8    r-x .text
  00000954    00000954    000000dc   000000dc    r-- .const
  00000a30    00000a30    00000018   00000018    r-- .cinit
20000000    20000000    00000201   00000000    rw-
  20000000    20000000    00000200   00000000    rw- .stack
  20000200    20000200    00000001   00000000    rw- .data


SECTION ALLOCATION MAP

 output                                  attributes/
section   page    origin      length       input sections
--------  ----  ----------  ----------   ----------------
.intvecs   0    00000000    0000026c     
                  00000000    0000026c     tm4c123gh6pm_startup_ccs.obj (.intvecs)

.text      0    0000026c    000006e8     
                  0000026c    00000132     driverlib.lib : gpio.obj (.text:GPIOPadConfigSet)
                  0000039e    00000002     --HOLE-- [fill = 0]
                  000003a0    00000110                   : sysctl.obj (.text:SysCtlClockGet)
                  000004b0    000000f4                   : sysctl.obj (.text:SysCtlClockSet)
                  000005a4    0000009c     rtsv7M4_T_le_v4SPD16_eabi.lib : memcpy_t2.asm.obj (.text)
                  00000640    00000080     main.obj (.text)
                  000006c0    00000068     driverlib.lib : interrupt.obj (.text:IntEnable)
                  00000728    00000068     rtsv7M4_T_le_v4SPD16_eabi.lib : copy_decompress_lzss.c.obj (.text:decompress:lzss:__TI_decompress_lzss)
                  00000790    00000060     driverlib.lib : timer.obj (.text:TimerConfigure)
                  000007f0    00000044     rtsv7M4_T_le_v4SPD16_eabi.lib : autoinit.c.obj (.text:__TI_auto_init_nobinit_nopinit:__TI_auto_init_nobinit_nopinit)
                  00000834    00000038                                   : boot_cortex_m.c.obj (.text:_c_int00_noargs:_c_int00_noargs)
                  0000086c    00000034     driverlib.lib : sysctl.obj (.text:SysCtlPeripheralEnable)
                  000008a0    0000002a                   : gpio.obj (.text:GPIODirModeSet)
                  000008ca    00000018                   : gpio.obj (.text:GPIOPinTypeGPIOOutput)
                  000008e2    00000012                   : timer.obj (.text:TimerLoadSet)
                  000008f4    00000010                   : interrupt.obj (.text:IntMasterEnable)
                  00000904    0000000e                   : timer.obj (.text:TimerEnable)
                  00000912    0000000e     rtsv7M4_T_le_v4SPD16_eabi.lib : copy_decompress_none.c.obj (.text:decompress:none:__TI_decompress_none)
                  00000920    0000000c     driverlib.lib : cpu.obj (.text:CPUcpsie)
                  0000092c    0000000c     tm4c123gh6pm_startup_ccs.obj (.text)
                  00000938    00000008     driverlib.lib : timer.obj (.text:TimerIntEnable)
                  00000940    00000006                   : gpio.obj (.text:GPIOPinWrite)
                  00000946    00000006                   : sysctl.obj (.text:SysCtlDelay)
                  0000094c    00000004     rtsv7M4_T_le_v4SPD16_eabi.lib : pre_init.c.obj (.text:_system_pre_init)
                  00000950    00000004                                   : exit.c.obj (.text:abort:abort)

.const     0    00000954    000000dc     
                  00000954    00000070     driverlib.lib : interrupt.obj (.const)
                  000009c4    0000006c                   : sysctl.obj (.const:g_pui32Xtals)

.cinit     0    00000a30    00000018     
                  00000a30    00000008     (__TI_handler_table)
                  00000a38    00000005     (.cinit..data.load) [load image, compression = lzss]
                  00000a3d    00000003     --HOLE-- [fill = 0]
                  00000a40    00000008     (__TI_cinit_table)

.init_array 
*          0    00000000    00000000     UNINITIALIZED

.data      0    20000200    00000001     UNINITIALIZED
                  20000200    00000001     main.obj (.data)

.stack     0    20000000    00000200     UNINITIALIZED
                  20000000    00000004     rtsv7M4_T_le_v4SPD16_eabi.lib : boot_cortex_m.c.obj (.stack)
                  20000004    000001fc     --HOLE--

MODULE SUMMARY

       Module                         code   ro data   rw data
       ------                         ----   -------   -------
    .\
       tm4c123gh6pm_startup_ccs.obj   12     620       0      
       main.obj                       128    0         1      
    +--+------------------------------+------+---------+---------+
       Total:                         140    620       1      
                                                              
    D:/ti/TivaWare_C_Series-2.1.4.178/driverlib/ccs/Debug/driverlib.lib
       sysctl.obj                     574    108       0      
       gpio.obj                       378    0         0      
       interrupt.obj                  120    112       0      
       timer.obj                      136    0         0      
       cpu.obj                        12     0         0      
    +--+------------------------------+------+---------+---------+
       Total:                         1220   220       0      
                                                              
    D:\ti\ccsv8\tools\compiler\ti-cgt-arm_18.1.2.LTS\lib\rtsv7M4_T_le_v4SPD16_eabi.lib
       memcpy_t2.asm.obj              156    0         0      
       copy_decompress_lzss.c.obj     104    0         0      
       autoinit.c.obj                 68     0         0      
       boot_cortex_m.c.obj            56     0         0      
       copy_decompress_none.c.obj     14     0         0      
       exit.c.obj                     4      0         0      
       pre_init.c.obj                 4      0         0      
    +--+------------------------------+------+---------+---------+
       Total:                         406    0         0      
                                                              
       Stack:                         0      0         512    
       Linker Generated:              0      21        0      
    +--+------------------------------+------+---------+---------+
       Grand Total:                   1766   861       513    


LINKER GENERATED COPY TABLES

__TI_cinit_table @ 00000a40 records: 1, size/record: 8, table size: 8
	.data: load addr=00000a38, load size=00000005 bytes, run addr=20000200, run size=00000001 bytes, compression=lzss


LINKER GENERATED HANDLER TABLE

__TI_handler_table @ 00000a30 records: 2, size/record: 4, table size: 8
	index: 0, handler: __TI_decompress_lzss
	index: 1, handler: __TI_decompress_none


GLOBAL SYMBOLS: SORTED ALPHABETICALLY BY Name 

address   name                          
-------   ----                          
00000951  C$$EXIT                       
00000921  CPUcpsie                      
000008a1  GPIODirModeSet                
0000026d  GPIOPadConfigSet              
000008cb  GPIOPinTypeGPIOOutput         
00000941  GPIOPinWrite                  
000006c1  IntEnable                     
000008f5  IntMasterEnable               
0000092d  ResetISR                      
000003a1  SysCtlClockGet                
000004b1  SysCtlClockSet                
00000947  SysCtlDelay                   
0000086d  SysCtlPeripheralEnable        
0000068f  Timer0IntHandler              
00000791  TimerConfigure                
00000905  TimerEnable                   
00000939  TimerIntEnable                
000008e3  TimerLoadSet                  
20000200  __STACK_END                   
00000200  __STACK_SIZE                  
20000200  __STACK_TOP                   
00000a40  __TI_CINIT_Base               
00000a48  __TI_CINIT_Limit              
00000a30  __TI_Handler_Table_Base       
00000a38  __TI_Handler_Table_Limit      
000007f1  __TI_auto_init_nobinit_nopinit
00000729  __TI_decompress_lzss          
00000913  __TI_decompress_none          
ffffffff  __TI_pprof_out_hndl           
ffffffff  __TI_prof_data_size           
ffffffff  __TI_prof_data_start          
00000000  __TI_static_base__            
000005a5  __aeabi_memcpy                
000005a5  __aeabi_memcpy4               
000005a5  __aeabi_memcpy8               
ffffffff  __binit__                     
ffffffff  __c_args__                    
UNDEFED   __mpu_init                    
20000000  __stack                       
00000835  _c_int00_noargs               
UNDEFED   _system_post_cinit            
0000094d  _system_pre_init              
00000951  abort                         
ffffffff  binit                         
00000000  g_pfnVectors                  
20000200  led                           
00000641  main                          
000005a5  memcpy                        


GLOBAL SYMBOLS: SORTED BY Symbol Address 

address   name                          
-------   ----                          
00000000  __TI_static_base__            
00000000  g_pfnVectors                  
00000200  __STACK_SIZE                  
0000026d  GPIOPadConfigSet              
000003a1  SysCtlClockGet                
000004b1  SysCtlClockSet                
000005a5  __aeabi_memcpy                
000005a5  __aeabi_memcpy4               
000005a5  __aeabi_memcpy8               
000005a5  memcpy                        
00000641  main                          
0000068f  Timer0IntHandler              
000006c1  IntEnable                     
00000729  __TI_decompress_lzss          
00000791  TimerConfigure                
000007f1  __TI_auto_init_nobinit_nopinit
00000835  _c_int00_noargs               
0000086d  SysCtlPeripheralEnable        
000008a1  GPIODirModeSet                
000008cb  GPIOPinTypeGPIOOutput         
000008e3  TimerLoadSet                  
000008f5  IntMasterEnable               
00000905  TimerEnable                   
00000913  __TI_decompress_none          
00000921  CPUcpsie                      
0000092d  ResetISR                      
00000939  TimerIntEnable                
00000941  GPIOPinWrite                  
00000947  SysCtlDelay                   
0000094d  _system_pre_init              
00000951  C$$EXIT                       
00000951  abort                         
00000a30  __TI_Handler_Table_Base       
00000a38  __TI_Handler_Table_Limit      
00000a40  __TI_CINIT_Base               
00000a48  __TI_CINIT_Limit              
20000000  __stack                       
20000200  __STACK_END                   
20000200  __STACK_TOP                   
20000200  led                           
ffffffff  __TI_pprof_out_hndl           
ffffffff  __TI_prof_data_size           
ffffffff  __TI_prof_data_start          
ffffffff  __binit__                     
ffffffff  __c_args__                    
ffffffff  binit                         
UNDEFED   __mpu_init                    
UNDEFED   _system_post_cinit            

[48 symbols]
