******************************************************************************
                  TI ARM Linker PC v18.1.2                     
******************************************************************************
>> Linked Sun Jul 22 11:47:08 2018

OUTPUT FILE NAME:   <PWM_With_Deadband0.out>
ENTRY POINT SYMBOL: "_c_int00_noinit_noargs"  address: 00000705


MEMORY CONFIGURATION

         name            origin    length      used     unused   attr    fill
----------------------  --------  ---------  --------  --------  ----  --------
  FLASH                 00000000   00040000  0000091a  0003f6e6  R  X
  SRAM                  20000000   00008000  00000200  00007e00  RW X


SEGMENT ALLOCATION MAP

run origin  load origin   length   init length attrs members
----------  ----------- ---------- ----------- ----- -------
00000000    00000000    0000091c   0000091c    r-x
  00000000    00000000    0000026c   0000026c    r-- .intvecs
  0000026c    0000026c    000005b2   000005b2    r-x .text
  00000820    00000820    000000fc   000000fc    r-- .const
20000000    20000000    00000200   00000000    rw-
  20000000    20000000    00000200   00000000    rw- .stack


SECTION ALLOCATION MAP

 output                                  attributes/
section   page    origin      length       input sections
--------  ----  ----------  ----------   ----------------
.intvecs   0    00000000    0000026c     
                  00000000    0000026c     tm4c123gh6pm_startup_ccs.obj (.intvecs)

.text      0    0000026c    000005b2     
                  0000026c    00000132     driverlib.lib : gpio.obj (.text:GPIOPadConfigSet)
                  0000039e    00000002     --HOLE-- [fill = 0]
                  000003a0    00000110                   : sysctl.obj (.text:SysCtlClockGet)
                  000004b0    000000f4                   : sysctl.obj (.text:SysCtlClockSet)
                  000005a4    000000e4     main.obj (.text)
                  00000688    00000048     driverlib.lib : gpio.obj (.text:GPIOPinConfigure)
                  000006d0    00000034                   : sysctl.obj (.text:SysCtlPeripheralEnable)
                  00000704    00000030     rtsv7M4_T_le_v4SPD16_eabi.lib : boot_cortex_m.c.obj (.text:_c_int00_noinit_noargs:_c_int00_noinit_noargs)
                  00000734    0000002a     driverlib.lib : gpio.obj (.text:GPIODirModeSet)
                  0000075e    00000022                   : pwm.obj (.text:PWMGenConfigure)
                  00000780    0000001e                   : pwm.obj (.text:PWMPulseWidthSet)
                  0000079e    00000002     --HOLE-- [fill = 0]
                  000007a0    00000014                   : sysctl.obj (.text:SysCtlPWMClockSet)
                  000007b4    00000012                   : gpio.obj (.text:GPIOPinTypePWM)
                  000007c6    00000012                   : pwm.obj (.text:PWMOutputState)
                  000007d8    00000010                   : pwm.obj (.text:PWMDeadBandEnable)
                  000007e8    00000010                   : pwm.obj (.text:PWMGenPeriodSet)
                  000007f8    0000000c                   : pwm.obj (.text:PWMGenEnable)
                  00000804    0000000c     tm4c123gh6pm_startup_ccs.obj (.text)
                  00000810    00000006     driverlib.lib : sysctl.obj (.text:SysCtlDelay)
                  00000816    00000004     rtsv7M4_T_le_v4SPD16_eabi.lib : pre_init.c.obj (.text:_system_pre_init)
                  0000081a    00000004                                   : exit.c.obj (.text:abort:abort)

.const     0    00000820    000000fc     
                  00000820    00000090     driverlib.lib : gpio.obj (.const:g_pui32GPIOBaseAddrs)
                  000008b0    0000006c                   : sysctl.obj (.const:g_pui32Xtals)

.cinit     0    00000000    00000000     UNINITIALIZED

.init_array 
*          0    00000000    00000000     UNINITIALIZED

.stack     0    20000000    00000200     UNINITIALIZED
                  20000000    00000004     rtsv7M4_T_le_v4SPD16_eabi.lib : boot_cortex_m.c.obj (.stack)
                  20000004    000001fc     --HOLE--

MODULE SUMMARY

       Module                         code   ro data   rw data
       ------                         ----   -------   -------
    .\
       tm4c123gh6pm_startup_ccs.obj   12     620       0      
       main.obj                       228    0         0      
    +--+------------------------------+------+---------+---------+
       Total:                         240    620       0      
                                                              
    D:/ti/TivaWare_C_Series-2.1.4.178/driverlib/ccs/Debug/driverlib.lib
       sysctl.obj                     594    108       0      
       gpio.obj                       438    144       0      
       pwm.obj                        126    0         0      
    +--+------------------------------+------+---------+---------+
       Total:                         1158   252       0      
                                                              
    D:\ti\ccsv8\tools\compiler\ti-cgt-arm_18.1.2.LTS\lib\rtsv7M4_T_le_v4SPD16_eabi.lib
       boot_cortex_m.c.obj            48     0         0      
       exit.c.obj                     4      0         0      
       pre_init.c.obj                 4      0         0      
    +--+------------------------------+------+---------+---------+
       Total:                         56     0         0      
                                                              
       Stack:                         0      0         512    
    +--+------------------------------+------+---------+---------+
       Grand Total:                   1454   872       512    


GLOBAL SYMBOLS: SORTED ALPHABETICALLY BY Name 

address   name                  
-------   ----                  
0000081b  C$$EXIT               
00000735  GPIODirModeSet        
0000026d  GPIOPadConfigSet      
00000689  GPIOPinConfigure      
000007b5  GPIOPinTypePWM        
000007d9  PWMDeadBandEnable     
0000075f  PWMGenConfigure       
000007f9  PWMGenEnable          
000007e9  PWMGenPeriodSet       
000007c7  PWMOutputState        
00000781  PWMPulseWidthSet      
00000805  ResetISR              
000003a1  SysCtlClockGet        
000004b1  SysCtlClockSet        
00000811  SysCtlDelay           
000007a1  SysCtlPWMClockSet     
000006d1  SysCtlPeripheralEnable
20000200  __STACK_END           
00000200  __STACK_SIZE          
20000200  __STACK_TOP           
ffffffff  __TI_pprof_out_hndl   
ffffffff  __TI_prof_data_size   
ffffffff  __TI_prof_data_start  
00000000  __TI_static_base__    
ffffffff  __binit__             
ffffffff  __c_args__            
UNDEFED   __mpu_init            
20000000  __stack               
00000705  _c_int00_noinit_noargs
00000817  _system_pre_init      
0000081b  abort                 
ffffffff  binit                 
00000000  g_pfnVectors          
000005a5  main                  


GLOBAL SYMBOLS: SORTED BY Symbol Address 

address   name                  
-------   ----                  
00000000  __TI_static_base__    
00000000  g_pfnVectors          
00000200  __STACK_SIZE          
0000026d  GPIOPadConfigSet      
000003a1  SysCtlClockGet        
000004b1  SysCtlClockSet        
000005a5  main                  
00000689  GPIOPinConfigure      
000006d1  SysCtlPeripheralEnable
00000705  _c_int00_noinit_noargs
00000735  GPIODirModeSet        
0000075f  PWMGenConfigure       
00000781  PWMPulseWidthSet      
000007a1  SysCtlPWMClockSet     
000007b5  GPIOPinTypePWM        
000007c7  PWMOutputState        
000007d9  PWMDeadBandEnable     
000007e9  PWMGenPeriodSet       
000007f9  PWMGenEnable          
00000805  ResetISR              
00000811  SysCtlDelay           
00000817  _system_pre_init      
0000081b  C$$EXIT               
0000081b  abort                 
20000000  __stack               
20000200  __STACK_END           
20000200  __STACK_TOP           
ffffffff  __TI_pprof_out_hndl   
ffffffff  __TI_prof_data_size   
ffffffff  __TI_prof_data_start  
ffffffff  __binit__             
ffffffff  __c_args__            
ffffffff  binit                 
UNDEFED   __mpu_init            

[34 symbols]
