******************************************************************************
                  TI ARM Linker PC v18.1.2                     
******************************************************************************
>> Linked Mon Jul 23 21:13:54 2018

OUTPUT FILE NAME:   <SPWM_With_ADC3.out>
ENTRY POINT SYMBOL: "_c_int00_noargs"  address: 000011e9


MEMORY CONFIGURATION

         name            origin    length      used     unused   attr    fill
----------------------  --------  ---------  --------  --------  ----  --------
  FLASH                 00000000   00040000  000018b8  0003e748  R  X
  SRAM                  20000000   00008000  00000538  00007ac8  RW X


SEGMENT ALLOCATION MAP

run origin  load origin   length   init length attrs members
----------  ----------- ---------- ----------- ----- -------
00000000    00000000    000018b8   000018b8    r-x
  00000000    00000000    0000026c   0000026c    r-- .intvecs
  0000026c    0000026c    00001234   00001234    r-x .text
  000014a0    000014a0    00000208   00000208    r-- .const
  000016a8    000016a8    00000210   00000210    r-- .cinit
20000000    20000000    00000538   00000000    rw-
  20000000    20000000    00000338   00000000    rw- .data
  20000338    20000338    00000200   00000000    rw- .stack


SECTION ALLOCATION MAP

 output                                  attributes/
section   page    origin      length       input sections
--------  ----  ----------  ----------   ----------------
.intvecs   0    00000000    0000026c     
                  00000000    0000026c     tm4c123gh6pm_startup_ccs.obj (.intvecs)

.text      0    0000026c    00001234     
                  0000026c    00000684     main.obj (.text)
                  000008f0    00000136     rtsv7M4_T_le_v4SPD16_eabi.lib : fd_div_t2.asm.obj (.text)
                  00000a26    00000132     driverlib.lib : gpio.obj (.text:GPIOPadConfigSet)
                  00000b58    00000110                   : sysctl.obj (.text:SysCtlClockGet)
                  00000c68    000000fc     rtsv7M4_T_le_v4SPD16_eabi.lib : fd_mul_t2.asm.obj (.text)
                  00000d64    000000f4     driverlib.lib : sysctl.obj (.text:SysCtlClockSet)
                  00000e58    0000009c     rtsv7M4_T_le_v4SPD16_eabi.lib : memcpy_t2.asm.obj (.text)
                  00000ef4    0000007a     driverlib.lib : adc.obj (.text:ADCSequenceStepConfigure)
                  00000f6e    0000006e     rtsv7M4_T_le_v4SPD16_eabi.lib : fd_tos_t2.asm.obj (.text)
                  00000fdc    00000068     driverlib.lib : interrupt.obj (.text:IntEnable)
                  00001044    00000068     rtsv7M4_T_le_v4SPD16_eabi.lib : copy_decompress_lzss.c.obj (.text:decompress:lzss:__TI_decompress_lzss)
                  000010ac    00000060     driverlib.lib : timer.obj (.text:TimerConfigure)
                  0000110c    00000050                   : adc.obj (.text:ADCSequenceConfigure)
                  0000115c    00000048                   : gpio.obj (.text:GPIOPinConfigure)
                  000011a4    00000044     rtsv7M4_T_le_v4SPD16_eabi.lib : autoinit.c.obj (.text:__TI_auto_init_nobinit_nopinit:__TI_auto_init_nobinit_nopinit)
                  000011e8    00000038                                   : boot_cortex_m.c.obj (.text:_c_int00_noargs:_c_int00_noargs)
                  00001220    00000038                                   : fs_tod_t2.asm.obj (.text)
                  00001258    00000034     driverlib.lib : sysctl.obj (.text:SysCtlPeripheralEnable)
                  0000128c    0000002e                   : adc.obj (.text:ADCIntStatus)
                  000012ba    0000002a                   : gpio.obj (.text:GPIODirModeSet)
                  000012e4    00000024                   : interrupt.obj (.text:IntPrioritySet)
                  00001308    00000022                   : pwm.obj (.text:PWMGenConfigure)
                  0000132a    00000020     rtsv7M4_T_le_v4SPD16_eabi.lib : u_tofd_t2.asm.obj (.text)
                  0000134a    0000001e     driverlib.lib : adc.obj (.text:ADCSequenceDataGet)
                  00001368    0000001e                   : pwm.obj (.text:PWMPulseWidthSet)
                  00001386    00000018                   : adc.obj (.text:ADCProcessorTrigger)
                  0000139e    00000002     --HOLE-- [fill = 0]
                  000013a0    00000014                   : sysctl.obj (.text:SysCtlPWMClockSet)
                  000013b4    00000012                   : gpio.obj (.text:GPIOPinTypeGPIOInput)
                  000013c6    00000012                   : gpio.obj (.text:GPIOPinTypePWM)
                  000013d8    00000012                   : pwm.obj (.text:PWMOutputState)
                  000013ea    00000012                   : timer.obj (.text:TimerLoadSet)
                  000013fc    00000010                   : adc.obj (.text:ADCIntEnable)
                  0000140c    00000010                   : pwm.obj (.text:PWMDeadBandEnable)
                  0000141c    00000010                   : pwm.obj (.text:PWMGenPeriodSet)
                  0000142c    0000000e                   : adc.obj (.text:ADCSequenceEnable)
                  0000143a    0000000e                   : timer.obj (.text:TimerEnable)
                  00001448    0000000e     rtsv7M4_T_le_v4SPD16_eabi.lib : copy_decompress_none.c.obj (.text:decompress:none:__TI_decompress_none)
                  00001456    0000000c     driverlib.lib : pwm.obj (.text:PWMGenEnable)
                  00001462    0000000c     tm4c123gh6pm_startup_ccs.obj (.text)
                  0000146e    0000000a     driverlib.lib : adc.obj (.text:ADCIntClear)
                  00001478    00000008                   : adc.obj (.text:ADCReferenceGet)
                  00001480    00000008                   : timer.obj (.text:TimerIntEnable)
                  00001488    00000006                   : gpio.obj (.text:GPIOPinRead)
                  0000148e    00000006                   : sysctl.obj (.text:SysCtlDelay)
                  00001494    00000004                   : timer.obj (.text:TimerIntClear)
                  00001498    00000004     rtsv7M4_T_le_v4SPD16_eabi.lib : pre_init.c.obj (.text:_system_pre_init)
                  0000149c    00000004                                   : exit.c.obj (.text:abort:abort)

.const     0    000014a0    00000208     
                  000014a0    0000009c     driverlib.lib : interrupt.obj (.const:g_pui32Regs)
                  0000153c    00000090                   : gpio.obj (.const:g_pui32GPIOBaseAddrs)
                  000015cc    00000070                   : interrupt.obj (.const)
                  0000163c    0000006c                   : sysctl.obj (.const:g_pui32Xtals)

.cinit     0    000016a8    00000210     
                  000016a8    000001fe     (.cinit..data.load) [load image, compression = lzss]
                  000018a6    00000002     --HOLE-- [fill = 0]
                  000018a8    00000008     (__TI_handler_table)
                  000018b0    00000008     (__TI_cinit_table)

.init_array 
*          0    00000000    00000000     UNINITIALIZED

.data      0    20000000    00000338     UNINITIALIZED
                  20000000    00000320     main.obj (.data:SPWMData)
                  20000320    00000018     main.obj (.data)

.stack     0    20000338    00000200     UNINITIALIZED
                  20000338    00000004     rtsv7M4_T_le_v4SPD16_eabi.lib : boot_cortex_m.c.obj (.stack)
                  2000033c    000001fc     --HOLE--

MODULE SUMMARY

       Module                         code   ro data   rw data
       ------                         ----   -------   -------
    .\
       main.obj                       1668   0         824    
       tm4c123gh6pm_startup_ccs.obj   12     620       0      
    +--+------------------------------+------+---------+---------+
       Total:                         1680   620       824    
                                                              
    D:/ti/TivaWare_C_Series-2.1.4.178/driverlib/ccs/Debug/driverlib.lib
       sysctl.obj                     594    108       0      
       gpio.obj                       462    144       0      
       interrupt.obj                  140    268       0      
       adc.obj                        350    0         0      
       timer.obj                      140    0         0      
       pwm.obj                        126    0         0      
    +--+------------------------------+------+---------+---------+
       Total:                         1812   520       0      
                                                              
    D:\ti\ccsv8\tools\compiler\ti-cgt-arm_18.1.2.LTS\lib\rtsv7M4_T_le_v4SPD16_eabi.lib
       fd_div_t2.asm.obj              310    0         0      
       fd_mul_t2.asm.obj              252    0         0      
       memcpy_t2.asm.obj              156    0         0      
       fd_tos_t2.asm.obj              110    0         0      
       copy_decompress_lzss.c.obj     104    0         0      
       autoinit.c.obj                 68     0         0      
       boot_cortex_m.c.obj            56     0         0      
       fs_tod_t2.asm.obj              56     0         0      
       u_tofd_t2.asm.obj              32     0         0      
       copy_decompress_none.c.obj     14     0         0      
       exit.c.obj                     4      0         0      
       pre_init.c.obj                 4      0         0      
    +--+------------------------------+------+---------+---------+
       Total:                         1166   0         0      
                                                              
       Stack:                         0      0         512    
       Linker Generated:              0      526       0      
    +--+------------------------------+------+---------+---------+
       Grand Total:                   4658   1666      1336   


LINKER GENERATED COPY TABLES

__TI_cinit_table @ 000018b0 records: 1, size/record: 8, table size: 8
	.data: load addr=000016a8, load size=000001fe bytes, run addr=20000000, run size=00000338 bytes, compression=lzss


LINKER GENERATED HANDLER TABLE

__TI_handler_table @ 000018a8 records: 2, size/record: 4, table size: 8
	index: 0, handler: __TI_decompress_lzss
	index: 1, handler: __TI_decompress_none


GLOBAL SYMBOLS: SORTED ALPHABETICALLY BY Name 

address   name                          
-------   ----                          
20000334  ADC0_Value                    
0000146f  ADCIntClear                   
000013fd  ADCIntEnable                  
0000128d  ADCIntStatus                  
00001387  ADCProcessorTrigger           
00001479  ADCReferenceGet               
0000110d  ADCSequenceConfigure          
0000134b  ADCSequenceDataGet            
0000142d  ADCSequenceEnable             
00000ef5  ADCSequenceStepConfigure      
00000529  ButtonDown                    
0000149d  C$$EXIT                       
000012bb  GPIODirModeSet                
00000a27  GPIOPadConfigSet              
0000115d  GPIOPinConfigure              
00001489  GPIOPinRead                   
000013b5  GPIOPinTypeGPIOInput          
000013c7  GPIOPinTypePWM                
00000fdd  IntEnable                     
000012e5  IntPrioritySet                
0000081d  PIDCalculator                 
000007d9  PID_Init                      
0000140d  PWMDeadBandEnable             
00001309  PWMGenConfigure               
00001457  PWMGenEnable                  
0000141d  PWMGenPeriodSet               
000013d9  PWMOutputState                
00001369  PWMPulseWidthSet              
2000032c  Period                        
20000330  PulseWid                      
00001463  ResetISR                      
20000000  SPWMData                      
00000b59  SysCtlClockGet                
00000d65  SysCtlClockSet                
0000148f  SysCtlDelay                   
000013a1  SysCtlPWMClockSet             
00001259  SysCtlPeripheralEnable        
000005e9  TIMER0IntHandler              
000010ad  TimerConfigure                
0000143b  TimerEnable                   
00001495  TimerIntClear                 
00001481  TimerIntEnable                
000013eb  TimerLoadSet                  
20000538  __STACK_END                   
00000200  __STACK_SIZE                  
20000538  __STACK_TOP                   
000018b0  __TI_CINIT_Base               
000018b8  __TI_CINIT_Limit              
000018a8  __TI_Handler_Table_Base       
000018b0  __TI_Handler_Table_Limit      
000011a5  __TI_auto_init_nobinit_nopinit
00001045  __TI_decompress_lzss          
00001449  __TI_decompress_none          
ffffffff  __TI_pprof_out_hndl           
ffffffff  __TI_prof_data_size           
ffffffff  __TI_prof_data_start          
00000000  __TI_static_base__            
00000f6f  __aeabi_d2f                   
000008f1  __aeabi_ddiv                  
00000c69  __aeabi_dmul                  
00001221  __aeabi_f2d                   
00000e59  __aeabi_memcpy                
00000e59  __aeabi_memcpy4               
00000e59  __aeabi_memcpy8               
0000132b  __aeabi_ui2d                  
ffffffff  __binit__                     
ffffffff  __c_args__                    
UNDEFED   __mpu_init                    
20000338  __stack                       
000011e9  _c_int00_noargs               
UNDEFED   _system_post_cinit            
00001499  _system_pre_init              
0000149d  abort                         
ffffffff  binit                         
20000328  frequency                     
00000000  g_pfnVectors                  
20000320  i                             
20000324  k                             
0000026d  main                          
00000e59  memcpy                        


GLOBAL SYMBOLS: SORTED BY Symbol Address 

address   name                          
-------   ----                          
00000000  __TI_static_base__            
00000000  g_pfnVectors                  
00000200  __STACK_SIZE                  
0000026d  main                          
00000529  ButtonDown                    
000005e9  TIMER0IntHandler              
000007d9  PID_Init                      
0000081d  PIDCalculator                 
000008f1  __aeabi_ddiv                  
00000a27  GPIOPadConfigSet              
00000b59  SysCtlClockGet                
00000c69  __aeabi_dmul                  
00000d65  SysCtlClockSet                
00000e59  __aeabi_memcpy                
00000e59  __aeabi_memcpy4               
00000e59  __aeabi_memcpy8               
00000e59  memcpy                        
00000ef5  ADCSequenceStepConfigure      
00000f6f  __aeabi_d2f                   
00000fdd  IntEnable                     
00001045  __TI_decompress_lzss          
000010ad  TimerConfigure                
0000110d  ADCSequenceConfigure          
0000115d  GPIOPinConfigure              
000011a5  __TI_auto_init_nobinit_nopinit
000011e9  _c_int00_noargs               
00001221  __aeabi_f2d                   
00001259  SysCtlPeripheralEnable        
0000128d  ADCIntStatus                  
000012bb  GPIODirModeSet                
000012e5  IntPrioritySet                
00001309  PWMGenConfigure               
0000132b  __aeabi_ui2d                  
0000134b  ADCSequenceDataGet            
00001369  PWMPulseWidthSet              
00001387  ADCProcessorTrigger           
000013a1  SysCtlPWMClockSet             
000013b5  GPIOPinTypeGPIOInput          
000013c7  GPIOPinTypePWM                
000013d9  PWMOutputState                
000013eb  TimerLoadSet                  
000013fd  ADCIntEnable                  
0000140d  PWMDeadBandEnable             
0000141d  PWMGenPeriodSet               
0000142d  ADCSequenceEnable             
0000143b  TimerEnable                   
00001449  __TI_decompress_none          
00001457  PWMGenEnable                  
00001463  ResetISR                      
0000146f  ADCIntClear                   
00001479  ADCReferenceGet               
00001481  TimerIntEnable                
00001489  GPIOPinRead                   
0000148f  SysCtlDelay                   
00001495  TimerIntClear                 
00001499  _system_pre_init              
0000149d  C$$EXIT                       
0000149d  abort                         
000018a8  __TI_Handler_Table_Base       
000018b0  __TI_CINIT_Base               
000018b0  __TI_Handler_Table_Limit      
000018b8  __TI_CINIT_Limit              
20000000  SPWMData                      
20000320  i                             
20000324  k                             
20000328  frequency                     
2000032c  Period                        
20000330  PulseWid                      
20000334  ADC0_Value                    
20000338  __stack                       
20000538  __STACK_END                   
20000538  __STACK_TOP                   
ffffffff  __TI_pprof_out_hndl           
ffffffff  __TI_prof_data_size           
ffffffff  __TI_prof_data_start          
ffffffff  __binit__                     
ffffffff  __c_args__                    
ffffffff  binit                         
UNDEFED   __mpu_init                    
UNDEFED   _system_post_cinit            

[80 symbols]
