******************************************************************************
                  TI ARM Linker PC v18.1.2                     
******************************************************************************
>> Linked Sat Jul 21 18:43:25 2018

OUTPUT FILE NAME:   <PWM_Ctrl0.out>
ENTRY POINT SYMBOL: "_c_int00_noinit_noargs"  address: 00000591


MEMORY CONFIGURATION

         name            origin    length      used     unused   attr    fill
----------------------  --------  ---------  --------  --------  ----  --------
  FLASH                 00000000   00040000  0000072a  0003f8d6  R  X
  SRAM                  20000000   00008000  00000200  00007e00  RW X


SEGMENT ALLOCATION MAP

run origin  load origin   length   init length attrs members
----------  ----------- ---------- ----------- ----- -------
00000000    00000000    0000072c   0000072c    r-x
  00000000    00000000    0000026c   0000026c    r-- .intvecs
  0000026c    0000026c    0000042e   0000042e    r-x .text
  0000069c    0000069c    00000090   00000090    r-- .const
20000000    20000000    00000200   00000000    rw-
  20000000    20000000    00000200   00000000    rw- .stack


SECTION ALLOCATION MAP

 output                                  attributes/
section   page    origin      length       input sections
--------  ----  ----------  ----------   ----------------
.intvecs   0    00000000    0000026c     
                  00000000    0000026c     tm4c123gh6pm_startup_ccs.obj (.intvecs)

.text      0    0000026c    0000042e     
                  0000026c    00000132     driverlib.lib : gpio.obj (.text:GPIOPadConfigSet)
                  0000039e    00000002     --HOLE-- [fill = 0]
                  000003a0    000000f4                   : sysctl.obj (.text:SysCtlClockSet)
                  00000494    00000080     main.obj (.text)
                  00000514    00000048     driverlib.lib : gpio.obj (.text:GPIOPinConfigure)
                  0000055c    00000034                   : sysctl.obj (.text:SysCtlPeripheralEnable)
                  00000590    00000030     rtsv7M4_T_le_v4SPD16_eabi.lib : boot_cortex_m.c.obj (.text:_c_int00_noinit_noargs:_c_int00_noinit_noargs)
                  000005c0    0000002a     driverlib.lib : gpio.obj (.text:GPIODirModeSet)
                  000005ea    00000022                   : pwm.obj (.text:PWMGenConfigure)
                  0000060c    0000001e                   : pwm.obj (.text:PWMPulseWidthSet)
                  0000062a    00000002     --HOLE-- [fill = 0]
                  0000062c    00000014                   : sysctl.obj (.text:SysCtlPWMClockSet)
                  00000640    00000012                   : gpio.obj (.text:GPIOPinTypePWM)
                  00000652    00000012                   : pwm.obj (.text:PWMOutputState)
                  00000664    00000010                   : pwm.obj (.text:PWMGenPeriodSet)
                  00000674    0000000c                   : pwm.obj (.text:PWMGenEnable)
                  00000680    0000000c     tm4c123gh6pm_startup_ccs.obj (.text)
                  0000068c    00000006     driverlib.lib : sysctl.obj (.text:SysCtlDelay)
                  00000692    00000004     rtsv7M4_T_le_v4SPD16_eabi.lib : pre_init.c.obj (.text:_system_pre_init)
                  00000696    00000004                                   : exit.c.obj (.text:abort:abort)

.const     0    0000069c    00000090     
                  0000069c    00000090     driverlib.lib : gpio.obj (.const:g_pui32GPIOBaseAddrs)

.cinit     0    00000000    00000000     UNINITIALIZED

.init_array 
*          0    00000000    00000000     UNINITIALIZED

.stack     0    20000000    00000200     UNINITIALIZED
                  20000000    00000004     rtsv7M4_T_le_v4SPD16_eabi.lib : boot_cortex_m.c.obj (.stack)
                  20000004    000001fc     --HOLE--

MODULE SUMMARY

       Module                         code   ro data   rw data
       ------                         ----   -------   -------
    .\
       tm4c123gh6pm_startup_ccs.obj   12     620       0      
       main.obj                       128    0         0      
    +--+------------------------------+------+---------+---------+
       Total:                         140    620       0      
                                                              
    D:/ti/TivaWare_C_Series-2.1.4.178/driverlib/ccs/Debug/driverlib.lib
       gpio.obj                       438    144       0      
       sysctl.obj                     322    0         0      
       pwm.obj                        110    0         0      
    +--+------------------------------+------+---------+---------+
       Total:                         870    144       0      
                                                              
    D:\ti\ccsv8\tools\compiler\ti-cgt-arm_18.1.2.LTS\lib\rtsv7M4_T_le_v4SPD16_eabi.lib
       boot_cortex_m.c.obj            48     0         0      
       exit.c.obj                     4      0         0      
       pre_init.c.obj                 4      0         0      
    +--+------------------------------+------+---------+---------+
       Total:                         56     0         0      
                                                              
       Stack:                         0      0         512    
    +--+------------------------------+------+---------+---------+
       Grand Total:                   1066   764       512    


GLOBAL SYMBOLS: SORTED ALPHABETICALLY BY Name 

address   name                  
-------   ----                  
00000697  C$$EXIT               
000005c1  GPIODirModeSet        
0000026d  GPIOPadConfigSet      
00000515  GPIOPinConfigure      
00000641  GPIOPinTypePWM        
000005eb  PWMGenConfigure       
00000675  PWMGenEnable          
00000665  PWMGenPeriodSet       
00000653  PWMOutputState        
0000060d  PWMPulseWidthSet      
00000681  ResetISR              
000003a1  SysCtlClockSet        
0000068d  SysCtlDelay           
0000062d  SysCtlPWMClockSet     
0000055d  SysCtlPeripheralEnable
20000200  __STACK_END           
00000200  __STACK_SIZE          
20000200  __STACK_TOP           
ffffffff  __TI_pprof_out_hndl   
ffffffff  __TI_prof_data_size   
ffffffff  __TI_prof_data_start  
00000000  __TI_static_base__    
ffffffff  __binit__             
ffffffff  __c_args__            
UNDEFED   __mpu_init            
20000000  __stack               
00000591  _c_int00_noinit_noargs
00000693  _system_pre_init      
00000697  abort                 
ffffffff  binit                 
00000000  g_pfnVectors          
00000495  main                  


GLOBAL SYMBOLS: SORTED BY Symbol Address 

address   name                  
-------   ----                  
00000000  __TI_static_base__    
00000000  g_pfnVectors          
00000200  __STACK_SIZE          
0000026d  GPIOPadConfigSet      
000003a1  SysCtlClockSet        
00000495  main                  
00000515  GPIOPinConfigure      
0000055d  SysCtlPeripheralEnable
00000591  _c_int00_noinit_noargs
000005c1  GPIODirModeSet        
000005eb  PWMGenConfigure       
0000060d  PWMPulseWidthSet      
0000062d  SysCtlPWMClockSet     
00000641  GPIOPinTypePWM        
00000653  PWMOutputState        
00000665  PWMGenPeriodSet       
00000675  PWMGenEnable          
00000681  ResetISR              
0000068d  SysCtlDelay           
00000693  _system_pre_init      
00000697  C$$EXIT               
00000697  abort                 
20000000  __stack               
20000200  __STACK_END           
20000200  __STACK_TOP           
ffffffff  __TI_pprof_out_hndl   
ffffffff  __TI_prof_data_size   
ffffffff  __TI_prof_data_start  
ffffffff  __binit__             
ffffffff  __c_args__            
ffffffff  binit                 
UNDEFED   __mpu_init            

[32 symbols]
