******************************************************************************
                  TI ARM Linker PC v18.1.2                     
******************************************************************************
>> Linked Fri Jul 20 22:26:28 2018

OUTPUT FILE NAME:   <Btn_Down0.out>
ENTRY POINT SYMBOL: "_c_int00_noinit_noargs"  address: 000006e9


MEMORY CONFIGURATION

         name            origin    length      used     unused   attr    fill
----------------------  --------  ---------  --------  --------  ----  --------
  FLASH                 00000000   00040000  000007fe  0003f802  R  X
  SRAM                  20000000   00008000  00000200  00007e00  RW X


SEGMENT ALLOCATION MAP

run origin  load origin   length   init length attrs members
----------  ----------- ---------- ----------- ----- -------
00000000    00000000    00000800   00000800    r-x
  00000000    00000000    0000026c   0000026c    r-- .intvecs
  0000026c    0000026c    00000526   00000526    r-x .text
  00000794    00000794    0000006c   0000006c    r-- .const
20000000    20000000    00000200   00000000    rw-
  20000000    20000000    00000200   00000000    rw- .stack


SECTION ALLOCATION MAP

 output                                  attributes/
section   page    origin      length       input sections
--------  ----  ----------  ----------   ----------------
.intvecs   0    00000000    0000026c     
                  00000000    0000026c     tm4c123gh6pm_startup_ccs.obj (.intvecs)

.text      0    0000026c    00000526     
                  0000026c    00000132     driverlib.lib : gpio.obj (.text:GPIOPadConfigSet)
                  0000039e    00000002     --HOLE-- [fill = 0]
                  000003a0    00000110                   : sysctl.obj (.text:SysCtlClockGet)
                  000004b0    00000110     main.obj (.text)
                  000005c0    000000f4     driverlib.lib : sysctl.obj (.text:SysCtlClockSet)
                  000006b4    00000034                   : sysctl.obj (.text:SysCtlPeripheralEnable)
                  000006e8    00000030     rtsv7M4_T_le_v4SPD16_eabi.lib : boot_cortex_m.c.obj (.text:_c_int00_noinit_noargs:_c_int00_noinit_noargs)
                  00000718    0000002a     driverlib.lib : gpio.obj (.text:GPIODirModeSet)
                  00000742    00000018                   : gpio.obj (.text:GPIOPinTypeGPIOOutput)
                  0000075a    00000012                   : gpio.obj (.text:GPIOPinTypeGPIOInput)
                  0000076c    0000000c     tm4c123gh6pm_startup_ccs.obj (.text)
                  00000778    00000006     driverlib.lib : gpio.obj (.text:GPIOPinRead)
                  0000077e    00000006                   : gpio.obj (.text:GPIOPinWrite)
                  00000784    00000006                   : sysctl.obj (.text:SysCtlDelay)
                  0000078a    00000004     rtsv7M4_T_le_v4SPD16_eabi.lib : pre_init.c.obj (.text:_system_pre_init)
                  0000078e    00000004                                   : exit.c.obj (.text:abort:abort)

.const     0    00000794    0000006c     
                  00000794    0000006c     driverlib.lib : sysctl.obj (.const:g_pui32Xtals)

.cinit     0    00000000    00000000     UNINITIALIZED

.init_array 
*          0    00000000    00000000     UNINITIALIZED

.stack     0    20000000    00000200     UNINITIALIZED
                  20000000    00000004     rtsv7M4_T_le_v4SPD16_eabi.lib : boot_cortex_m.c.obj (.stack)
                  20000004    000001fc     --HOLE--

MODULE SUMMARY

       Module                         code   ro data   rw data
       ------                         ----   -------   -------
    .\
       tm4c123gh6pm_startup_ccs.obj   12     620       0      
       main.obj                       272    0         0      
    +--+------------------------------+------+---------+---------+
       Total:                         284    620       0      
                                                              
    D:/ti/TivaWare_C_Series-2.1.4.178/driverlib/ccs/Debug/driverlib.lib
       sysctl.obj                     574    108       0      
       gpio.obj                       402    0         0      
    +--+------------------------------+------+---------+---------+
       Total:                         976    108       0      
                                                              
    D:\ti\ccsv8\tools\compiler\ti-cgt-arm_18.1.2.LTS\lib\rtsv7M4_T_le_v4SPD16_eabi.lib
       boot_cortex_m.c.obj            48     0         0      
       exit.c.obj                     4      0         0      
       pre_init.c.obj                 4      0         0      
    +--+------------------------------+------+---------+---------+
       Total:                         56     0         0      
                                                              
       Stack:                         0      0         512    
    +--+------------------------------+------+---------+---------+
       Grand Total:                   1316   728       512    


GLOBAL SYMBOLS: SORTED ALPHABETICALLY BY Name 

address   name                  
-------   ----                  
0000078f  C$$EXIT               
00000719  GPIODirModeSet        
0000026d  GPIOPadConfigSet      
00000779  GPIOPinRead           
0000075b  GPIOPinTypeGPIOInput  
00000743  GPIOPinTypeGPIOOutput 
0000077f  GPIOPinWrite          
0000053b  IfButtonDown          
0000076d  ResetISR              
000003a1  SysCtlClockGet        
000005c1  SysCtlClockSet        
00000785  SysCtlDelay           
000006b5  SysCtlPeripheralEnable
20000200  __STACK_END           
00000200  __STACK_SIZE          
20000200  __STACK_TOP           
ffffffff  __TI_pprof_out_hndl   
ffffffff  __TI_prof_data_size   
ffffffff  __TI_prof_data_start  
00000000  __TI_static_base__    
ffffffff  __binit__             
ffffffff  __c_args__            
UNDEFED   __mpu_init            
20000000  __stack               
000006e9  _c_int00_noinit_noargs
0000078b  _system_pre_init      
0000078f  abort                 
ffffffff  binit                 
00000000  g_pfnVectors          
000004b1  main                  


GLOBAL SYMBOLS: SORTED BY Symbol Address 

address   name                  
-------   ----                  
00000000  __TI_static_base__    
00000000  g_pfnVectors          
00000200  __STACK_SIZE          
0000026d  GPIOPadConfigSet      
000003a1  SysCtlClockGet        
000004b1  main                  
0000053b  IfButtonDown          
000005c1  SysCtlClockSet        
000006b5  SysCtlPeripheralEnable
000006e9  _c_int00_noinit_noargs
00000719  GPIODirModeSet        
00000743  GPIOPinTypeGPIOOutput 
0000075b  GPIOPinTypeGPIOInput  
0000076d  ResetISR              
00000779  GPIOPinRead           
0000077f  GPIOPinWrite          
00000785  SysCtlDelay           
0000078b  _system_pre_init      
0000078f  C$$EXIT               
0000078f  abort                 
20000000  __stack               
20000200  __STACK_END           
20000200  __STACK_TOP           
ffffffff  __TI_pprof_out_hndl   
ffffffff  __TI_prof_data_size   
ffffffff  __TI_prof_data_start  
ffffffff  __binit__             
ffffffff  __c_args__            
ffffffff  binit                 
UNDEFED   __mpu_init            

[30 symbols]
