******************************************************************************
                  TI ARM Linker PC v18.1.2                     
******************************************************************************
>> Linked Sat Jul 21 10:39:21 2018

OUTPUT FILE NAME:   <ADC0.out>
ENTRY POINT SYMBOL: "_c_int00_noinit_noargs"  address: 00000621


MEMORY CONFIGURATION

         name            origin    length      used     unused   attr    fill
----------------------  --------  ---------  --------  --------  ----  --------
  FLASH                 00000000   00040000  0000073a  0003f8c6  R  X
  SRAM                  20000000   00008000  00000200  00007e00  RW X


SEGMENT ALLOCATION MAP

run origin  load origin   length   init length attrs members
----------  ----------- ---------- ----------- ----- -------
00000000    00000000    0000073a   0000073a    r-x
  00000000    00000000    0000026c   0000026c    r-- .intvecs
  0000026c    0000026c    000004ce   000004ce    r-x .text
20000000    20000000    00000200   00000000    rw-
  20000000    20000000    00000200   00000000    rw- .stack


SECTION ALLOCATION MAP

 output                                  attributes/
section   page    origin      length       input sections
--------  ----  ----------  ----------   ----------------
.intvecs   0    00000000    0000026c     
                  00000000    0000026c     tm4c123gh6pm_startup_ccs.obj (.intvecs)

.text      0    0000026c    000004ce     
                  0000026c    00000132     driverlib.lib : gpio.obj (.text:GPIOPadConfigSet)
                  0000039e    00000002     --HOLE-- [fill = 0]
                  000003a0    000000f4                   : sysctl.obj (.text:SysCtlClockSet)
                  00000494    0000008c     main.obj (.text)
                  00000520    0000007a     driverlib.lib : adc.obj (.text:ADCSequenceStepConfigure)
                  0000059a    00000050                   : adc.obj (.text:ADCSequenceConfigure)
                  000005ea    00000002     --HOLE-- [fill = 0]
                  000005ec    00000034                   : sysctl.obj (.text:SysCtlPeripheralEnable)
                  00000620    00000030     rtsv7M4_T_le_v4SPD16_eabi.lib : boot_cortex_m.c.obj (.text:_c_int00_noinit_noargs:_c_int00_noinit_noargs)
                  00000650    0000002e     driverlib.lib : adc.obj (.text:ADCIntStatus)
                  0000067e    0000002a                   : gpio.obj (.text:GPIODirModeSet)
                  000006a8    0000001e                   : adc.obj (.text:ADCSequenceDataGet)
                  000006c6    00000018                   : adc.obj (.text:ADCProcessorTrigger)
                  000006de    00000012                   : gpio.obj (.text:GPIOPinTypeADC)
                  000006f0    00000010                   : adc.obj (.text:ADCIntEnable)
                  00000700    0000000e                   : adc.obj (.text:ADCSequenceEnable)
                  0000070e    0000000c     tm4c123gh6pm_startup_ccs.obj (.text)
                  0000071a    0000000a     driverlib.lib : adc.obj (.text:ADCIntClear)
                  00000724    00000008                   : adc.obj (.text:ADCReferenceGet)
                  0000072c    00000006                   : sysctl.obj (.text:SysCtlDelay)
                  00000732    00000004     rtsv7M4_T_le_v4SPD16_eabi.lib : pre_init.c.obj (.text:_system_pre_init)
                  00000736    00000004                                   : exit.c.obj (.text:abort:abort)

.cinit     0    00000000    00000000     UNINITIALIZED

.init_array 
*          0    00000000    00000000     UNINITIALIZED

.stack     0    20000000    00000200     UNINITIALIZED
                  20000000    00000004     rtsv7M4_T_le_v4SPD16_eabi.lib : boot_cortex_m.c.obj (.stack)
                  20000004    000001fc     --HOLE--

MODULE SUMMARY

       Module                         code   ro data   rw data
       ------                         ----   -------   -------
    .\
       tm4c123gh6pm_startup_ccs.obj   12     620       0      
       main.obj                       140    0         0      
    +--+------------------------------+------+---------+---------+
       Total:                         152    620       0      
                                                              
    D:/ti/TivaWare_C_Series-2.1.4.178/driverlib/ccs/Debug/driverlib.lib
       gpio.obj                       366    0         0      
       adc.obj                        350    0         0      
       sysctl.obj                     302    0         0      
    +--+------------------------------+------+---------+---------+
       Total:                         1018   0         0      
                                                              
    D:\ti\ccsv8\tools\compiler\ti-cgt-arm_18.1.2.LTS\lib\rtsv7M4_T_le_v4SPD16_eabi.lib
       boot_cortex_m.c.obj            48     0         0      
       exit.c.obj                     4      0         0      
       pre_init.c.obj                 4      0         0      
    +--+------------------------------+------+---------+---------+
       Total:                         56     0         0      
                                                              
       Stack:                         0      0         512    
    +--+------------------------------+------+---------+---------+
       Grand Total:                   1226   620       512    


GLOBAL SYMBOLS: SORTED ALPHABETICALLY BY Name 

address   name                    
-------   ----                    
0000071b  ADCIntClear             
000006f1  ADCIntEnable            
00000651  ADCIntStatus            
000006c7  ADCProcessorTrigger     
00000725  ADCReferenceGet         
0000059b  ADCSequenceConfigure    
000006a9  ADCSequenceDataGet      
00000701  ADCSequenceEnable       
00000521  ADCSequenceStepConfigure
00000737  C$$EXIT                 
0000067f  GPIODirModeSet          
0000026d  GPIOPadConfigSet        
000006df  GPIOPinTypeADC          
0000070f  ResetISR                
000003a1  SysCtlClockSet          
0000072d  SysCtlDelay             
000005ed  SysCtlPeripheralEnable  
20000200  __STACK_END             
00000200  __STACK_SIZE            
20000200  __STACK_TOP             
ffffffff  __TI_pprof_out_hndl     
ffffffff  __TI_prof_data_size     
ffffffff  __TI_prof_data_start    
00000000  __TI_static_base__      
ffffffff  __binit__               
ffffffff  __c_args__              
UNDEFED   __mpu_init              
20000000  __stack                 
00000621  _c_int00_noinit_noargs  
00000733  _system_pre_init        
00000737  abort                   
ffffffff  binit                   
00000000  g_pfnVectors            
00000495  main                    


GLOBAL SYMBOLS: SORTED BY Symbol Address 

address   name                    
-------   ----                    
00000000  __TI_static_base__      
00000000  g_pfnVectors            
00000200  __STACK_SIZE            
0000026d  GPIOPadConfigSet        
000003a1  SysCtlClockSet          
00000495  main                    
00000521  ADCSequenceStepConfigure
0000059b  ADCSequenceConfigure    
000005ed  SysCtlPeripheralEnable  
00000621  _c_int00_noinit_noargs  
00000651  ADCIntStatus            
0000067f  GPIODirModeSet          
000006a9  ADCSequenceDataGet      
000006c7  ADCProcessorTrigger     
000006df  GPIOPinTypeADC          
000006f1  ADCIntEnable            
00000701  ADCSequenceEnable       
0000070f  ResetISR                
0000071b  ADCIntClear             
00000725  ADCReferenceGet         
0000072d  SysCtlDelay             
00000733  _system_pre_init        
00000737  C$$EXIT                 
00000737  abort                   
20000000  __stack                 
20000200  __STACK_END             
20000200  __STACK_TOP             
ffffffff  __TI_pprof_out_hndl     
ffffffff  __TI_prof_data_size     
ffffffff  __TI_prof_data_start    
ffffffff  __binit__               
ffffffff  __c_args__              
ffffffff  binit                   
UNDEFED   __mpu_init              

[34 symbols]
