******************************************************************************
                  TI ARM Linker PC v18.1.2                     
******************************************************************************
>> Linked Fri Jul 20 15:48:01 2018

OUTPUT FILE NAME:   <SPWM0.out>
ENTRY POINT SYMBOL: "_c_int00_noargs"  address: 000009a1


MEMORY CONFIGURATION

         name            origin    length      used     unused   attr    fill
----------------------  --------  ---------  --------  --------  ----  --------
  FLASH                 00000000   00040000  00000f52  0003f0ae  R  X
  SRAM                  20000000   00008000  00000528  00007ad8  RW X


SEGMENT ALLOCATION MAP

run origin  load origin   length   init length attrs members
----------  ----------- ---------- ----------- ----- -------
00000000    00000000    00000f58   00000f58    r-x
  00000000    00000000    0000026c   0000026c    r-- .intvecs
  0000026c    0000026c    000008d6   000008d6    r-x .text
  00000b44    00000b44    00000208   00000208    r-- .const
  00000d50    00000d50    00000208   00000208    r-- .cinit
20000000    20000000    00000528   00000000    rw-
  20000000    20000000    00000328   00000000    rw- .data
  20000328    20000328    00000200   00000000    rw- .stack


SECTION ALLOCATION MAP

 output                                  attributes/
section   page    origin      length       input sections
--------  ----  ----------  ----------   ----------------
.intvecs   0    00000000    0000026c     
                  00000000    0000026c     tm4c123gh6pm_startup_ccs.obj (.intvecs)

.text      0    0000026c    000008d6     
                  0000026c    000001a4     main.obj (.text)
                  00000410    00000132     driverlib.lib : gpio.obj (.text:GPIOPadConfigSet)
                  00000542    00000002     --HOLE-- [fill = 0]
                  00000544    00000110                   : sysctl.obj (.text:SysCtlClockGet)
                  00000654    000000f4                   : sysctl.obj (.text:SysCtlClockSet)
                  00000748    0000009c     rtsv7M4_T_le_v4SPD16_eabi.lib : memcpy_t2.asm.obj (.text)
                  000007e4    00000068     driverlib.lib : interrupt.obj (.text:IntEnable)
                  0000084c    00000068     rtsv7M4_T_le_v4SPD16_eabi.lib : copy_decompress_lzss.c.obj (.text:decompress:lzss:__TI_decompress_lzss)
                  000008b4    00000060     driverlib.lib : timer.obj (.text:TimerConfigure)
                  00000914    00000048                   : gpio.obj (.text:GPIOPinConfigure)
                  0000095c    00000044     rtsv7M4_T_le_v4SPD16_eabi.lib : autoinit.c.obj (.text:__TI_auto_init_nobinit_nopinit:__TI_auto_init_nobinit_nopinit)
                  000009a0    00000038                                   : boot_cortex_m.c.obj (.text:_c_int00_noargs:_c_int00_noargs)
                  000009d8    00000034     driverlib.lib : sysctl.obj (.text:SysCtlPeripheralEnable)
                  00000a0c    0000002a                   : gpio.obj (.text:GPIODirModeSet)
                  00000a36    00000002     --HOLE-- [fill = 0]
                  00000a38    00000024                   : interrupt.obj (.text:IntPrioritySet)
                  00000a5c    00000022                   : pwm.obj (.text:PWMGenConfigure)
                  00000a7e    0000001e                   : pwm.obj (.text:PWMPulseWidthSet)
                  00000a9c    00000014                   : sysctl.obj (.text:SysCtlPWMClockSet)
                  00000ab0    00000012                   : gpio.obj (.text:GPIOPinTypePWM)
                  00000ac2    00000012                   : pwm.obj (.text:PWMOutputState)
                  00000ad4    00000012                   : timer.obj (.text:TimerLoadSet)
                  00000ae6    00000010                   : pwm.obj (.text:PWMDeadBandEnable)
                  00000af6    00000010                   : pwm.obj (.text:PWMGenPeriodSet)
                  00000b06    0000000e     rtsv7M4_T_le_v4SPD16_eabi.lib : copy_decompress_none.c.obj (.text:decompress:none:__TI_decompress_none)
                  00000b14    0000000c     driverlib.lib : pwm.obj (.text:PWMGenEnable)
                  00000b20    0000000c     tm4c123gh6pm_startup_ccs.obj (.text)
                  00000b2c    00000008     driverlib.lib : timer.obj (.text:TimerIntEnable)
                  00000b34    00000006                   : sysctl.obj (.text:SysCtlDelay)
                  00000b3a    00000004     rtsv7M4_T_le_v4SPD16_eabi.lib : pre_init.c.obj (.text:_system_pre_init)
                  00000b3e    00000004                                   : exit.c.obj (.text:abort:abort)

.const     0    00000b44    00000208     
                  00000b44    0000009c     driverlib.lib : interrupt.obj (.const:g_pui32Regs)
                  00000be0    00000090                   : gpio.obj (.const:g_pui32GPIOBaseAddrs)
                  00000c70    00000070                   : interrupt.obj (.const)
                  00000ce0    0000006c                   : sysctl.obj (.const:g_pui32Xtals)

.cinit     0    00000d50    00000208     
                  00000d50    000001f6     (.cinit..data.load) [load image, compression = lzss]
                  00000f46    00000002     --HOLE-- [fill = 0]
                  00000f48    00000008     (__TI_handler_table)
                  00000f50    00000008     (__TI_cinit_table)

.init_array 
*          0    00000000    00000000     UNINITIALIZED

.data      0    20000000    00000328     UNINITIALIZED
                  20000000    00000320     main.obj (.data:SPWMData)
                  20000320    00000008     main.obj (.data)

.stack     0    20000328    00000200     UNINITIALIZED
                  20000328    00000004     rtsv7M4_T_le_v4SPD16_eabi.lib : boot_cortex_m.c.obj (.stack)
                  2000032c    000001fc     --HOLE--

MODULE SUMMARY

       Module                         code   ro data   rw data
       ------                         ----   -------   -------
    .\
       main.obj                       420    0         808    
       tm4c123gh6pm_startup_ccs.obj   12     620       0      
    +--+------------------------------+------+---------+---------+
       Total:                         432    620       808    
                                                              
    D:/ti/TivaWare_C_Series-2.1.4.178/driverlib/ccs/Debug/driverlib.lib
       sysctl.obj                     594    108       0      
       gpio.obj                       438    144       0      
       interrupt.obj                  140    268       0      
       pwm.obj                        126    0         0      
       timer.obj                      122    0         0      
    +--+------------------------------+------+---------+---------+
       Total:                         1420   520       0      
                                                              
    D:\ti\ccsv8\tools\compiler\ti-cgt-arm_18.1.2.LTS\lib\rtsv7M4_T_le_v4SPD16_eabi.lib
       memcpy_t2.asm.obj              156    0         0      
       copy_decompress_lzss.c.obj     104    0         0      
       autoinit.c.obj                 68     0         0      
       boot_cortex_m.c.obj            56     0         0      
       copy_decompress_none.c.obj     14     0         0      
       exit.c.obj                     4      0         0      
       pre_init.c.obj                 4      0         0      
    +--+------------------------------+------+---------+---------+
       Total:                         406    0         0      
                                                              
       Stack:                         0      0         512    
       Linker Generated:              0      518       0      
    +--+------------------------------+------+---------+---------+
       Grand Total:                   2258   1658      1320   


LINKER GENERATED COPY TABLES

__TI_cinit_table @ 00000f50 records: 1, size/record: 8, table size: 8
	.data: load addr=00000d50, load size=000001f6 bytes, run addr=20000000, run size=00000328 bytes, compression=lzss


LINKER GENERATED HANDLER TABLE

__TI_handler_table @ 00000f48 records: 2, size/record: 4, table size: 8
	index: 0, handler: __TI_decompress_lzss
	index: 1, handler: __TI_decompress_none


GLOBAL SYMBOLS: SORTED ALPHABETICALLY BY Name 

address   name                          
-------   ----                          
00000b3f  C$$EXIT                       
00000a0d  GPIODirModeSet                
00000411  GPIOPadConfigSet              
00000915  GPIOPinConfigure              
00000ab1  GPIOPinTypePWM                
000007e5  IntEnable                     
00000a39  IntPrioritySet                
00000ae7  PWMDeadBandEnable             
00000a5d  PWMGenConfigure               
00000b15  PWMGenEnable                  
00000af7  PWMGenPeriodSet               
00000ac3  PWMOutputState                
00000a7f  PWMPulseWidthSet              
20000320  Period                        
00000b21  ResetISR                      
20000000  SPWMData                      
00000545  SysCtlClockGet                
00000655  SysCtlClockSet                
00000b35  SysCtlDelay                   
00000a9d  SysCtlPWMClockSet             
000009d9  SysCtlPeripheralEnable        
000008b5  TimerConfigure                
00000b2d  TimerIntEnable                
00000ad5  TimerLoadSet                  
20000528  __STACK_END                   
00000200  __STACK_SIZE                  
20000528  __STACK_TOP                   
00000f50  __TI_CINIT_Base               
00000f58  __TI_CINIT_Limit              
00000f48  __TI_Handler_Table_Base       
00000f50  __TI_Handler_Table_Limit      
0000095d  __TI_auto_init_nobinit_nopinit
0000084d  __TI_decompress_lzss          
00000b07  __TI_decompress_none          
ffffffff  __TI_pprof_out_hndl           
ffffffff  __TI_prof_data_size           
ffffffff  __TI_prof_data_start          
00000000  __TI_static_base__            
00000749  __aeabi_memcpy                
00000749  __aeabi_memcpy4               
00000749  __aeabi_memcpy8               
ffffffff  __binit__                     
ffffffff  __c_args__                    
UNDEFED   __mpu_init                    
20000328  __stack                       
000009a1  _c_int00_noargs               
UNDEFED   _system_post_cinit            
00000b3b  _system_pre_init              
00000b3f  abort                         
ffffffff  binit                         
00000000  g_pfnVectors                  
20000324  i                             
0000026d  main                          
00000749  memcpy                        


GLOBAL SYMBOLS: SORTED BY Symbol Address 

address   name                          
-------   ----                          
00000000  __TI_static_base__            
00000000  g_pfnVectors                  
00000200  __STACK_SIZE                  
0000026d  main                          
00000411  GPIOPadConfigSet              
00000545  SysCtlClockGet                
00000655  SysCtlClockSet                
00000749  __aeabi_memcpy                
00000749  __aeabi_memcpy4               
00000749  __aeabi_memcpy8               
00000749  memcpy                        
000007e5  IntEnable                     
0000084d  __TI_decompress_lzss          
000008b5  TimerConfigure                
00000915  GPIOPinConfigure              
0000095d  __TI_auto_init_nobinit_nopinit
000009a1  _c_int00_noargs               
000009d9  SysCtlPeripheralEnable        
00000a0d  GPIODirModeSet                
00000a39  IntPrioritySet                
00000a5d  PWMGenConfigure               
00000a7f  PWMPulseWidthSet              
00000a9d  SysCtlPWMClockSet             
00000ab1  GPIOPinTypePWM                
00000ac3  PWMOutputState                
00000ad5  TimerLoadSet                  
00000ae7  PWMDeadBandEnable             
00000af7  PWMGenPeriodSet               
00000b07  __TI_decompress_none          
00000b15  PWMGenEnable                  
00000b21  ResetISR                      
00000b2d  TimerIntEnable                
00000b35  SysCtlDelay                   
00000b3b  _system_pre_init              
00000b3f  C$$EXIT                       
00000b3f  abort                         
00000f48  __TI_Handler_Table_Base       
00000f50  __TI_CINIT_Base               
00000f50  __TI_Handler_Table_Limit      
00000f58  __TI_CINIT_Limit              
20000000  SPWMData                      
20000320  Period                        
20000324  i                             
20000328  __stack                       
20000528  __STACK_END                   
20000528  __STACK_TOP                   
ffffffff  __TI_pprof_out_hndl           
ffffffff  __TI_prof_data_size           
ffffffff  __TI_prof_data_start          
ffffffff  __binit__                     
ffffffff  __c_args__                    
ffffffff  binit                         
UNDEFED   __mpu_init                    
UNDEFED   _system_post_cinit            

[54 symbols]
