******************************************************************************
                  TI ARM Linker PC v18.1.2                     
******************************************************************************
>> Linked Wed Jul 11 22:23:02 2018

OUTPUT FILE NAME:   <PWM_Ctrl1.out>
ENTRY POINT SYMBOL: "_c_int00_noinit_noargs"  address: 0000073d


MEMORY CONFIGURATION

         name            origin    length      used     unused   attr    fill
----------------------  --------  ---------  --------  --------  ----  --------
  FLASH                 00000000   00040000  00000998  0003f668  R  X
  SRAM                  20000000   00008000  00000200  00007e00  RW X


SEGMENT ALLOCATION MAP

run origin  load origin   length   init length attrs members
----------  ----------- ---------- ----------- ----- -------
00000000    00000000    00000998   00000998    r-x
  00000000    00000000    0000026c   0000026c    r-- .intvecs
  0000026c    0000026c    0000069c   0000069c    r-x .text
  00000908    00000908    00000090   00000090    r-- .const
20000000    20000000    00000200   00000000    rw-
  20000000    20000000    00000200   00000000    rw- .stack


SECTION ALLOCATION MAP

 output                                  attributes/
section   page    origin      length       input sections
--------  ----  ----------  ----------   ----------------
.intvecs   0    00000000    0000026c     
                  00000000    0000026c     tm4c123gh6pm_startup_ccs.obj (.intvecs)

.text      0    0000026c    0000069c     
                  0000026c    00000160     main.obj (.text)
                  000003cc    00000132     driverlib.lib : gpio.obj (.text:GPIOPadConfigSet)
                  000004fe    00000002     --HOLE-- [fill = 0]
                  00000500    000000f4                   : sysctl.obj (.text:SysCtlClockSet)
                  000005f4    0000007a                   : adc.obj (.text:ADCSequenceStepConfigure)
                  0000066e    00000050                   : adc.obj (.text:ADCSequenceConfigure)
                  000006be    00000002     --HOLE-- [fill = 0]
                  000006c0    00000048                   : gpio.obj (.text:GPIOPinConfigure)
                  00000708    00000034                   : sysctl.obj (.text:SysCtlPeripheralEnable)
                  0000073c    00000030     rtsv7M4_T_le_v4SPD16_eabi.lib : boot_cortex_m.c.obj (.text:_c_int00_noinit_noargs:_c_int00_noinit_noargs)
                  0000076c    0000002e     driverlib.lib : adc.obj (.text:ADCIntStatus)
                  0000079a    0000002a                   : gpio.obj (.text:GPIODirModeSet)
                  000007c4    00000022                   : pwm.obj (.text:PWMGenConfigure)
                  000007e6    0000001e                   : adc.obj (.text:ADCSequenceDataGet)
                  00000804    0000001e                   : pwm.obj (.text:PWMPulseWidthSet)
                  00000822    00000018                   : adc.obj (.text:ADCProcessorTrigger)
                  0000083a    00000002     --HOLE-- [fill = 0]
                  0000083c    00000014                   : sysctl.obj (.text:SysCtlPWMClockSet)
                  00000850    00000012                   : gpio.obj (.text:GPIOPinTypeADC)
                  00000862    00000012                   : gpio.obj (.text:GPIOPinTypePWM)
                  00000874    00000012                   : pwm.obj (.text:PWMOutputState)
                  00000886    00000010                   : adc.obj (.text:ADCIntEnable)
                  00000896    00000010                   : interrupt.obj (.text:IntMasterEnable)
                  000008a6    00000010                   : pwm.obj (.text:PWMGenPeriodSet)
                  000008b6    0000000e                   : adc.obj (.text:ADCSequenceEnable)
                  000008c4    0000000c                   : cpu.obj (.text:CPUcpsie)
                  000008d0    0000000c                   : pwm.obj (.text:PWMGenEnable)
                  000008dc    0000000c     tm4c123gh6pm_startup_ccs.obj (.text)
                  000008e8    0000000a     driverlib.lib : adc.obj (.text:ADCIntClear)
                  000008f2    00000008                   : adc.obj (.text:ADCReferenceGet)
                  000008fa    00000006                   : sysctl.obj (.text:SysCtlDelay)
                  00000900    00000004     rtsv7M4_T_le_v4SPD16_eabi.lib : pre_init.c.obj (.text:_system_pre_init)
                  00000904    00000004                                   : exit.c.obj (.text:abort:abort)

.const     0    00000908    00000090     
                  00000908    00000090     driverlib.lib : gpio.obj (.const:g_pui32GPIOBaseAddrs)

.cinit     0    00000000    00000000     UNINITIALIZED

.init_array 
*          0    00000000    00000000     UNINITIALIZED

.stack     0    20000000    00000200     UNINITIALIZED
                  20000000    00000004     rtsv7M4_T_le_v4SPD16_eabi.lib : boot_cortex_m.c.obj (.stack)
                  20000004    000001fc     --HOLE--

MODULE SUMMARY

       Module                         code   ro data   rw data
       ------                         ----   -------   -------
    .\
       tm4c123gh6pm_startup_ccs.obj   12     620       0      
       main.obj                       352    0         0      
    +--+------------------------------+------+---------+---------+
       Total:                         364    620       0      
                                                              
    D:/ti/TivaWare_C_Series-2.1.4.178/driverlib/ccs/Debug/driverlib.lib
       gpio.obj                       456    144       0      
       adc.obj                        350    0         0      
       sysctl.obj                     322    0         0      
       pwm.obj                        110    0         0      
       interrupt.obj                  16     0         0      
       cpu.obj                        12     0         0      
    +--+------------------------------+------+---------+---------+
       Total:                         1266   144       0      
                                                              
    D:\ti\ccsv8\tools\compiler\ti-cgt-arm_18.1.2.LTS\lib\rtsv7M4_T_le_v4SPD16_eabi.lib
       boot_cortex_m.c.obj            48     0         0      
       exit.c.obj                     4      0         0      
       pre_init.c.obj                 4      0         0      
    +--+------------------------------+------+---------+---------+
       Total:                         56     0         0      
                                                              
       Stack:                         0      0         512    
    +--+------------------------------+------+---------+---------+
       Grand Total:                   1686   764       512    


GLOBAL SYMBOLS: SORTED ALPHABETICALLY BY Name 

address   name                    
-------   ----                    
000008e9  ADCIntClear             
00000887  ADCIntEnable            
0000076d  ADCIntStatus            
00000823  ADCProcessorTrigger     
000008f3  ADCReferenceGet         
0000066f  ADCSequenceConfigure    
000007e7  ADCSequenceDataGet      
000008b7  ADCSequenceEnable       
000005f5  ADCSequenceStepConfigure
00000905  C$$EXIT                 
000008c5  CPUcpsie                
0000079b  GPIODirModeSet          
000003cd  GPIOPadConfigSet        
000006c1  GPIOPinConfigure        
00000851  GPIOPinTypeADC          
00000863  GPIOPinTypePWM          
00000897  IntMasterEnable         
000007c5  PWMGenConfigure         
000008d1  PWMGenEnable            
000008a7  PWMGenPeriodSet         
00000875  PWMOutputState          
00000805  PWMPulseWidthSet        
000008dd  ResetISR                
00000501  SysCtlClockSet          
000008fb  SysCtlDelay             
0000083d  SysCtlPWMClockSet       
00000709  SysCtlPeripheralEnable  
20000200  __STACK_END             
00000200  __STACK_SIZE            
20000200  __STACK_TOP             
ffffffff  __TI_pprof_out_hndl     
ffffffff  __TI_prof_data_size     
ffffffff  __TI_prof_data_start    
00000000  __TI_static_base__      
ffffffff  __binit__               
ffffffff  __c_args__              
UNDEFED   __mpu_init              
20000000  __stack                 
0000073d  _c_int00_noinit_noargs  
00000901  _system_pre_init        
00000905  abort                   
ffffffff  binit                   
00000000  g_pfnVectors            
0000026d  main                    


GLOBAL SYMBOLS: SORTED BY Symbol Address 

address   name                    
-------   ----                    
00000000  __TI_static_base__      
00000000  g_pfnVectors            
00000200  __STACK_SIZE            
0000026d  main                    
000003cd  GPIOPadConfigSet        
00000501  SysCtlClockSet          
000005f5  ADCSequenceStepConfigure
0000066f  ADCSequenceConfigure    
000006c1  GPIOPinConfigure        
00000709  SysCtlPeripheralEnable  
0000073d  _c_int00_noinit_noargs  
0000076d  ADCIntStatus            
0000079b  GPIODirModeSet          
000007c5  PWMGenConfigure         
000007e7  ADCSequenceDataGet      
00000805  PWMPulseWidthSet        
00000823  ADCProcessorTrigger     
0000083d  SysCtlPWMClockSet       
00000851  GPIOPinTypeADC          
00000863  GPIOPinTypePWM          
00000875  PWMOutputState          
00000887  ADCIntEnable            
00000897  IntMasterEnable         
000008a7  PWMGenPeriodSet         
000008b7  ADCSequenceEnable       
000008c5  CPUcpsie                
000008d1  PWMGenEnable            
000008dd  ResetISR                
000008e9  ADCIntClear             
000008f3  ADCReferenceGet         
000008fb  SysCtlDelay             
00000901  _system_pre_init        
00000905  C$$EXIT                 
00000905  abort                   
20000000  __stack                 
20000200  __STACK_END             
20000200  __STACK_TOP             
ffffffff  __TI_pprof_out_hndl     
ffffffff  __TI_prof_data_size     
ffffffff  __TI_prof_data_start    
ffffffff  __binit__               
ffffffff  __c_args__              
ffffffff  binit                   
UNDEFED   __mpu_init              

[44 symbols]
