******************************************************************************
                  TI ARM Linker PC v18.1.2                     
******************************************************************************
>> Linked Thu Jul 12 18:38:17 2018

OUTPUT FILE NAME:   <UART0.out>
ENTRY POINT SYMBOL: "_c_int00_noinit_noargs"  address: 000006f9


MEMORY CONFIGURATION

         name            origin    length      used     unused   attr    fill
----------------------  --------  ---------  --------  --------  ----  --------
  FLASH                 00000000   00040000  000008ba  0003f746  R  X
  SRAM                  20000000   00008000  00000200  00007e00  RW X


SEGMENT ALLOCATION MAP

run origin  load origin   length   init length attrs members
----------  ----------- ---------- ----------- ----- -------
00000000    00000000    000008bc   000008bc    r-x
  00000000    00000000    0000026c   0000026c    r-- .intvecs
  0000026c    0000026c    00000552   00000552    r-x .text
  000007c0    000007c0    000000fc   000000fc    r-- .const
20000000    20000000    00000200   00000000    rw-
  20000000    20000000    00000200   00000000    rw- .stack


SECTION ALLOCATION MAP

 output                                  attributes/
section   page    origin      length       input sections
--------  ----  ----------  ----------   ----------------
.intvecs   0    00000000    0000026c     
                  00000000    0000026c     tm4c123gh6pm_startup_ccs.obj (.intvecs)

.text      0    0000026c    00000552     
                  0000026c    00000132     driverlib.lib : gpio.obj (.text:GPIOPadConfigSet)
                  0000039e    00000002     --HOLE-- [fill = 0]
                  000003a0    00000110                   : sysctl.obj (.text:SysCtlClockGet)
                  000004b0    000000f4                   : sysctl.obj (.text:SysCtlClockSet)
                  000005a4    00000090     main.obj (.text)
                  00000634    00000048     driverlib.lib : gpio.obj (.text:GPIOPinConfigure)
                  0000067c    00000046                   : uart.obj (.text:UARTConfigSetExpClk)
                  000006c2    00000002     --HOLE-- [fill = 0]
                  000006c4    00000034                   : sysctl.obj (.text:SysCtlPeripheralEnable)
                  000006f8    00000030     rtsv7M4_T_le_v4SPD16_eabi.lib : boot_cortex_m.c.obj (.text:_c_int00_noinit_noargs:_c_int00_noinit_noargs)
                  00000728    0000002a     driverlib.lib : gpio.obj (.text:GPIODirModeSet)
                  00000752    00000002     --HOLE-- [fill = 0]
                  00000754    00000020                   : uart.obj (.text:UARTDisable)
                  00000774    00000014                   : uart.obj (.text:UARTEnable)
                  00000788    00000012                   : gpio.obj (.text:GPIOPinTypeUART)
                  0000079a    0000000c     tm4c123gh6pm_startup_ccs.obj (.text)
                  000007a6    0000000a     driverlib.lib : uart.obj (.text:UARTCharPut)
                  000007b0    00000006                   : sysctl.obj (.text:SysCtlDelay)
                  000007b6    00000004     rtsv7M4_T_le_v4SPD16_eabi.lib : pre_init.c.obj (.text:_system_pre_init)
                  000007ba    00000004                                   : exit.c.obj (.text:abort:abort)

.const     0    000007c0    000000fc     
                  000007c0    00000090     driverlib.lib : gpio.obj (.const:g_pui32GPIOBaseAddrs)
                  00000850    0000006c                   : sysctl.obj (.const:g_pui32Xtals)

.cinit     0    00000000    00000000     UNINITIALIZED

.init_array 
*          0    00000000    00000000     UNINITIALIZED

.stack     0    20000000    00000200     UNINITIALIZED
                  20000000    00000004     rtsv7M4_T_le_v4SPD16_eabi.lib : boot_cortex_m.c.obj (.stack)
                  20000004    000001fc     --HOLE--

MODULE SUMMARY

       Module                         code   ro data   rw data
       ------                         ----   -------   -------
    .\
       tm4c123gh6pm_startup_ccs.obj   12     620       0      
       main.obj                       144    0         0      
    +--+------------------------------+------+---------+---------+
       Total:                         156    620       0      
                                                              
    D:/ti/TivaWare_C_Series-2.1.4.178/driverlib/ccs/Debug/driverlib.lib
       sysctl.obj                     574    108       0      
       gpio.obj                       438    144       0      
       uart.obj                       132    0         0      
    +--+------------------------------+------+---------+---------+
       Total:                         1144   252       0      
                                                              
    D:\ti\ccsv8\tools\compiler\ti-cgt-arm_18.1.2.LTS\lib\rtsv7M4_T_le_v4SPD16_eabi.lib
       boot_cortex_m.c.obj            48     0         0      
       exit.c.obj                     4      0         0      
       pre_init.c.obj                 4      0         0      
    +--+------------------------------+------+---------+---------+
       Total:                         56     0         0      
                                                              
       Stack:                         0      0         512    
    +--+------------------------------+------+---------+---------+
       Grand Total:                   1356   872       512    


GLOBAL SYMBOLS: SORTED ALPHABETICALLY BY Name 

address   name                  
-------   ----                  
000007bb  C$$EXIT               
00000729  GPIODirModeSet        
0000026d  GPIOPadConfigSet      
00000635  GPIOPinConfigure      
00000789  GPIOPinTypeUART       
0000079b  ResetISR              
000003a1  SysCtlClockGet        
000004b1  SysCtlClockSet        
000007b1  SysCtlDelay           
000006c5  SysCtlPeripheralEnable
000007a7  UARTCharPut           
0000067d  UARTConfigSetExpClk   
00000755  UARTDisable           
00000775  UARTEnable            
000005f3  UARTStringPut         
20000200  __STACK_END           
00000200  __STACK_SIZE          
20000200  __STACK_TOP           
ffffffff  __TI_pprof_out_hndl   
ffffffff  __TI_prof_data_size   
ffffffff  __TI_prof_data_start  
00000000  __TI_static_base__    
ffffffff  __binit__             
ffffffff  __c_args__            
UNDEFED   __mpu_init            
20000000  __stack               
000006f9  _c_int00_noinit_noargs
000007b7  _system_pre_init      
000007bb  abort                 
ffffffff  binit                 
00000000  g_pfnVectors          
000005a5  main                  


GLOBAL SYMBOLS: SORTED BY Symbol Address 

address   name                  
-------   ----                  
00000000  __TI_static_base__    
00000000  g_pfnVectors          
00000200  __STACK_SIZE          
0000026d  GPIOPadConfigSet      
000003a1  SysCtlClockGet        
000004b1  SysCtlClockSet        
000005a5  main                  
000005f3  UARTStringPut         
00000635  GPIOPinConfigure      
0000067d  UARTConfigSetExpClk   
000006c5  SysCtlPeripheralEnable
000006f9  _c_int00_noinit_noargs
00000729  GPIODirModeSet        
00000755  UARTDisable           
00000775  UARTEnable            
00000789  GPIOPinTypeUART       
0000079b  ResetISR              
000007a7  UARTCharPut           
000007b1  SysCtlDelay           
000007b7  _system_pre_init      
000007bb  C$$EXIT               
000007bb  abort                 
20000000  __stack               
20000200  __STACK_END           
20000200  __STACK_TOP           
ffffffff  __TI_pprof_out_hndl   
ffffffff  __TI_prof_data_size   
ffffffff  __TI_prof_data_start  
ffffffff  __binit__             
ffffffff  __c_args__            
ffffffff  binit                 
UNDEFED   __mpu_init            

[32 symbols]
