******************************************************************************
                  TI ARM Linker PC v18.1.2                     
******************************************************************************
>> Linked Thu Jul 12 19:12:19 2018

OUTPUT FILE NAME:   <UART1.out>
ENTRY POINT SYMBOL: "_c_int00_noinit_noargs"  address: 00000789


MEMORY CONFIGURATION

         name            origin    length      used     unused   attr    fill
----------------------  --------  ---------  --------  --------  ----  --------
  FLASH                 00000000   00040000  000009d0  0003f630  R  X
  SRAM                  20000000   00008000  00000200  00007e00  RW X


SEGMENT ALLOCATION MAP

run origin  load origin   length   init length attrs members
----------  ----------- ---------- ----------- ----- -------
00000000    00000000    000009d0   000009d0    r-x
  00000000    00000000    0000026c   0000026c    r-- .intvecs
  0000026c    0000026c    000005f8   000005f8    r-x .text
  00000864    00000864    0000016c   0000016c    r-- .const
20000000    20000000    00000200   00000000    rw-
  20000000    20000000    00000200   00000000    rw- .stack


SECTION ALLOCATION MAP

 output                                  attributes/
section   page    origin      length       input sections
--------  ----  ----------  ----------   ----------------
.intvecs   0    00000000    0000026c     
                  00000000    0000026c     tm4c123gh6pm_startup_ccs.obj (.intvecs)

.text      0    0000026c    000005f8     
                  0000026c    00000132     driverlib.lib : gpio.obj (.text:GPIOPadConfigSet)
                  0000039e    00000002     --HOLE-- [fill = 0]
                  000003a0    00000110                   : sysctl.obj (.text:SysCtlClockGet)
                  000004b0    000000f4                   : sysctl.obj (.text:SysCtlClockSet)
                  000005a4    000000b8     main.obj (.text)
                  0000065c    00000068     driverlib.lib : interrupt.obj (.text:IntEnable)
                  000006c4    00000048                   : gpio.obj (.text:GPIOPinConfigure)
                  0000070c    00000046                   : uart.obj (.text:UARTConfigSetExpClk)
                  00000752    00000002     --HOLE-- [fill = 0]
                  00000754    00000034                   : sysctl.obj (.text:SysCtlPeripheralEnable)
                  00000788    00000030     rtsv7M4_T_le_v4SPD16_eabi.lib : boot_cortex_m.c.obj (.text:_c_int00_noinit_noargs:_c_int00_noinit_noargs)
                  000007b8    0000002a     driverlib.lib : gpio.obj (.text:GPIODirModeSet)
                  000007e2    00000002     --HOLE-- [fill = 0]
                  000007e4    00000020                   : uart.obj (.text:UARTDisable)
                  00000804    00000014                   : uart.obj (.text:UARTEnable)
                  00000818    00000012                   : gpio.obj (.text:GPIOPinTypeUART)
                  0000082a    0000000c     tm4c123gh6pm_startup_ccs.obj (.text)
                  00000836    0000000a     driverlib.lib : uart.obj (.text:UARTCharGet)
                  00000840    0000000a                   : uart.obj (.text:UARTCharPut)
                  0000084a    00000008                   : uart.obj (.text:UARTIntEnable)
                  00000852    00000006                   : sysctl.obj (.text:SysCtlDelay)
                  00000858    00000004                   : uart.obj (.text:UARTIntClear)
                  0000085c    00000004     rtsv7M4_T_le_v4SPD16_eabi.lib : pre_init.c.obj (.text:_system_pre_init)
                  00000860    00000004                                   : exit.c.obj (.text:abort:abort)

.const     0    00000864    0000016c     
                  00000864    00000090     driverlib.lib : gpio.obj (.const:g_pui32GPIOBaseAddrs)
                  000008f4    00000070                   : interrupt.obj (.const)
                  00000964    0000006c                   : sysctl.obj (.const:g_pui32Xtals)

.cinit     0    00000000    00000000     UNINITIALIZED

.init_array 
*          0    00000000    00000000     UNINITIALIZED

.stack     0    20000000    00000200     UNINITIALIZED
                  20000000    00000004     rtsv7M4_T_le_v4SPD16_eabi.lib : boot_cortex_m.c.obj (.stack)
                  20000004    000001fc     --HOLE--

MODULE SUMMARY

       Module                         code   ro data   rw data
       ------                         ----   -------   -------
    .\
       tm4c123gh6pm_startup_ccs.obj   12     620       0      
       main.obj                       184    0         0      
    +--+------------------------------+------+---------+---------+
       Total:                         196    620       0      
                                                              
    D:/ti/TivaWare_C_Series-2.1.4.178/driverlib/ccs/Debug/driverlib.lib
       sysctl.obj                     574    108       0      
       gpio.obj                       438    144       0      
       interrupt.obj                  104    112       0      
       uart.obj                       154    0         0      
    +--+------------------------------+------+---------+---------+
       Total:                         1270   364       0      
                                                              
    D:\ti\ccsv8\tools\compiler\ti-cgt-arm_18.1.2.LTS\lib\rtsv7M4_T_le_v4SPD16_eabi.lib
       boot_cortex_m.c.obj            48     0         0      
       exit.c.obj                     4      0         0      
       pre_init.c.obj                 4      0         0      
    +--+------------------------------+------+---------+---------+
       Total:                         56     0         0      
                                                              
       Stack:                         0      0         512    
    +--+------------------------------+------+---------+---------+
       Grand Total:                   1522   984       512    


GLOBAL SYMBOLS: SORTED ALPHABETICALLY BY Name 

address   name                  
-------   ----                  
00000861  C$$EXIT               
000007b9  GPIODirModeSet        
0000026d  GPIOPadConfigSet      
000006c5  GPIOPinConfigure      
00000819  GPIOPinTypeUART       
0000065d  IntEnable             
0000082b  ResetISR              
000003a1  SysCtlClockGet        
000004b1  SysCtlClockSet        
00000853  SysCtlDelay           
00000755  SysCtlPeripheralEnable
0000062b  UART0IntHandler       
00000837  UARTCharGet           
00000841  UARTCharPut           
0000070d  UARTConfigSetExpClk   
000007e5  UARTDisable           
00000805  UARTEnable            
00000859  UARTIntClear          
0000084b  UARTIntEnable         
00000601  UARTStringPut         
20000200  __STACK_END           
00000200  __STACK_SIZE          
20000200  __STACK_TOP           
ffffffff  __TI_pprof_out_hndl   
ffffffff  __TI_prof_data_size   
ffffffff  __TI_prof_data_start  
00000000  __TI_static_base__    
ffffffff  __binit__             
ffffffff  __c_args__            
UNDEFED   __mpu_init            
20000000  __stack               
00000789  _c_int00_noinit_noargs
0000085d  _system_pre_init      
00000861  abort                 
ffffffff  binit                 
00000000  g_pfnVectors          
000005a5  main                  


GLOBAL SYMBOLS: SORTED BY Symbol Address 

address   name                  
-------   ----                  
00000000  __TI_static_base__    
00000000  g_pfnVectors          
00000200  __STACK_SIZE          
0000026d  GPIOPadConfigSet      
000003a1  SysCtlClockGet        
000004b1  SysCtlClockSet        
000005a5  main                  
00000601  UARTStringPut         
0000062b  UART0IntHandler       
0000065d  IntEnable             
000006c5  GPIOPinConfigure      
0000070d  UARTConfigSetExpClk   
00000755  SysCtlPeripheralEnable
00000789  _c_int00_noinit_noargs
000007b9  GPIODirModeSet        
000007e5  UARTDisable           
00000805  UARTEnable            
00000819  GPIOPinTypeUART       
0000082b  ResetISR              
00000837  UARTCharGet           
00000841  UARTCharPut           
0000084b  UARTIntEnable         
00000853  SysCtlDelay           
00000859  UARTIntClear          
0000085d  _system_pre_init      
00000861  C$$EXIT               
00000861  abort                 
20000000  __stack               
20000200  __STACK_END           
20000200  __STACK_TOP           
ffffffff  __TI_pprof_out_hndl   
ffffffff  __TI_prof_data_size   
ffffffff  __TI_prof_data_start  
ffffffff  __binit__             
ffffffff  __c_args__            
ffffffff  binit                 
UNDEFED   __mpu_init            

[37 symbols]
