******************************************************************************
                  TI ARM Linker PC v18.1.2                     
******************************************************************************
>> Linked Fri Jul 20 11:17:07 2018

OUTPUT FILE NAME:   <LED_Ctrl3.out>
ENTRY POINT SYMBOL: "_c_int00_noargs"  address: 0000094d


MEMORY CONFIGURATION

         name            origin    length      used     unused   attr    fill
----------------------  --------  ---------  --------  --------  ----  --------
  FLASH                 00000000   00040000  00000c4a  0003f3b6  R  X
  SRAM                  20000000   00008000  00000208  00007df8  RW X


SEGMENT ALLOCATION MAP

run origin  load origin   length   init length attrs members
----------  ----------- ---------- ----------- ----- -------
00000000    00000000    00000c4c   00000c4c    r-x
  00000000    00000000    0000026c   0000026c    r-- .intvecs
  0000026c    0000026c    0000084a   0000084a    r-x .text
  00000ab8    00000ab8    00000178   00000178    r-- .const
  00000c30    00000c30    0000001c   0000001c    r-- .cinit
20000000    20000000    00000208   00000000    rw-
  20000000    20000000    00000200   00000000    rw- .stack
  20000200    20000200    00000008   00000000    rw- .data


SECTION ALLOCATION MAP

 output                                  attributes/
section   page    origin      length       input sections
--------  ----  ----------  ----------   ----------------
.intvecs   0    00000000    0000026c     
                  00000000    0000026c     tm4c123gh6pm_startup_ccs.obj (.intvecs)

.text      0    0000026c    0000084a     
                  0000026c    00000140     main.obj (.text)
                  000003ac    00000132     driverlib.lib : gpio.obj (.text:GPIOPadConfigSet)
                  000004de    00000002     --HOLE-- [fill = 0]
                  000004e0    00000110                   : sysctl.obj (.text:SysCtlClockGet)
                  000005f0    000000f4                   : sysctl.obj (.text:SysCtlClockSet)
                  000006e4    0000009c     rtsv7M4_T_le_v4SPD16_eabi.lib : memcpy_t2.asm.obj (.text)
                  00000780    00000068     driverlib.lib : interrupt.obj (.text:IntEnable)
                  000007e8    00000068     rtsv7M4_T_le_v4SPD16_eabi.lib : copy_decompress_lzss.c.obj (.text:decompress:lzss:__TI_decompress_lzss)
                  00000850    00000060     driverlib.lib : timer.obj (.text:TimerConfigure)
                  000008b0    00000056                   : gpio.obj (.text:GPIOIntTypeSet)
                  00000906    00000002     --HOLE-- [fill = 0]
                  00000908    00000044     rtsv7M4_T_le_v4SPD16_eabi.lib : autoinit.c.obj (.text:__TI_auto_init_nobinit_nopinit:__TI_auto_init_nobinit_nopinit)
                  0000094c    00000038                                   : boot_cortex_m.c.obj (.text:_c_int00_noargs:_c_int00_noargs)
                  00000984    00000034     driverlib.lib : sysctl.obj (.text:SysCtlPeripheralEnable)
                  000009b8    0000002a                   : gpio.obj (.text:GPIODirModeSet)
                  000009e2    00000002     --HOLE-- [fill = 0]
                  000009e4    00000024                   : interrupt.obj (.text:IntPrioritySet)
                  00000a08    00000018                   : gpio.obj (.text:GPIOPinTypeGPIOOutput)
                  00000a20    00000018                   : timer.obj (.text:TimerDisable)
                  00000a38    00000012                   : gpio.obj (.text:GPIOPinTypeGPIOInput)
                  00000a4a    00000012                   : timer.obj (.text:TimerLoadSet)
                  00000a5c    0000000e                   : timer.obj (.text:TimerEnable)
                  00000a6a    0000000e     rtsv7M4_T_le_v4SPD16_eabi.lib : copy_decompress_none.c.obj (.text:decompress:none:__TI_decompress_none)
                  00000a78    0000000c     driverlib.lib : gpio.obj (.text:GPIOIntEnable)
                  00000a84    0000000c     tm4c123gh6pm_startup_ccs.obj (.text)
                  00000a90    00000008     driverlib.lib : timer.obj (.text:TimerIntEnable)
                  00000a98    00000006                   : gpio.obj (.text:GPIOIntClear)
                  00000a9e    00000006                   : gpio.obj (.text:GPIOPinWrite)
                  00000aa4    00000006                   : sysctl.obj (.text:SysCtlDelay)
                  00000aaa    00000004                   : timer.obj (.text:TimerIntClear)
                  00000aae    00000004     rtsv7M4_T_le_v4SPD16_eabi.lib : pre_init.c.obj (.text:_system_pre_init)
                  00000ab2    00000004                                   : exit.c.obj (.text:abort:abort)

.const     0    00000ab8    00000178     
                  00000ab8    0000009c     driverlib.lib : interrupt.obj (.const:g_pui32Regs)
                  00000b54    00000070                   : interrupt.obj (.const)
                  00000bc4    0000006c                   : sysctl.obj (.const:g_pui32Xtals)

.cinit     0    00000c30    0000001c     
                  00000c30    0000000b     (.cinit..data.load) [load image, compression = lzss]
                  00000c3b    00000001     --HOLE-- [fill = 0]
                  00000c3c    00000008     (__TI_handler_table)
                  00000c44    00000008     (__TI_cinit_table)

.init_array 
*          0    00000000    00000000     UNINITIALIZED

.data      0    20000200    00000008     UNINITIALIZED
                  20000200    00000008     main.obj (.data)

.stack     0    20000000    00000200     UNINITIALIZED
                  20000000    00000004     rtsv7M4_T_le_v4SPD16_eabi.lib : boot_cortex_m.c.obj (.stack)
                  20000004    000001fc     --HOLE--

MODULE SUMMARY

       Module                         code   ro data   rw data
       ------                         ----   -------   -------
    .\
       tm4c123gh6pm_startup_ccs.obj   12     620       0      
       main.obj                       320    0         8      
    +--+------------------------------+------+---------+---------+
       Total:                         332    620       8      
                                                              
    D:/ti/TivaWare_C_Series-2.1.4.178/driverlib/ccs/Debug/driverlib.lib
       sysctl.obj                     574    108       0      
       gpio.obj                       500    0         0      
       interrupt.obj                  140    268       0      
       timer.obj                      164    0         0      
    +--+------------------------------+------+---------+---------+
       Total:                         1378   376       0      
                                                              
    D:\ti\ccsv8\tools\compiler\ti-cgt-arm_18.1.2.LTS\lib\rtsv7M4_T_le_v4SPD16_eabi.lib
       memcpy_t2.asm.obj              156    0         0      
       copy_decompress_lzss.c.obj     104    0         0      
       autoinit.c.obj                 68     0         0      
       boot_cortex_m.c.obj            56     0         0      
       copy_decompress_none.c.obj     14     0         0      
       exit.c.obj                     4      0         0      
       pre_init.c.obj                 4      0         0      
    +--+------------------------------+------+---------+---------+
       Total:                         406    0         0      
                                                              
       Stack:                         0      0         512    
       Linker Generated:              0      27        0      
    +--+------------------------------+------+---------+---------+
       Grand Total:                   2116   1023      520    


LINKER GENERATED COPY TABLES

__TI_cinit_table @ 00000c44 records: 1, size/record: 8, table size: 8
	.data: load addr=00000c30, load size=0000000b bytes, run addr=20000200, run size=00000008 bytes, compression=lzss


LINKER GENERATED HANDLER TABLE

__TI_handler_table @ 00000c3c records: 2, size/record: 4, table size: 8
	index: 0, handler: __TI_decompress_lzss
	index: 1, handler: __TI_decompress_none


GLOBAL SYMBOLS: SORTED ALPHABETICALLY BY Name 

address   name                          
-------   ----                          
00000ab3  C$$EXIT                       
000009b9  GPIODirModeSet                
000002f7  GPIOFIntHandler               
00000a99  GPIOIntClear                  
00000a79  GPIOIntEnable                 
000008b1  GPIOIntTypeSet                
000003ad  GPIOPadConfigSet              
00000a39  GPIOPinTypeGPIOInput          
00000a09  GPIOPinTypeGPIOOutput         
00000a9f  GPIOPinWrite                  
00000781  IntEnable                     
000009e5  IntPrioritySet                
00000a85  ResetISR                      
000004e1  SysCtlClockGet                
000005f1  SysCtlClockSet                
00000aa5  SysCtlDelay                   
00000985  SysCtlPeripheralEnable        
0000030b  TIMER0IntHandler              
00000851  TimerConfigure                
00000a21  TimerDisable                  
00000a5d  TimerEnable                   
00000aab  TimerIntClear                 
00000a91  TimerIntEnable                
00000a4b  TimerLoadSet                  
20000200  __STACK_END                   
00000200  __STACK_SIZE                  
20000200  __STACK_TOP                   
00000c44  __TI_CINIT_Base               
00000c4c  __TI_CINIT_Limit              
00000c3c  __TI_Handler_Table_Base       
00000c44  __TI_Handler_Table_Limit      
00000909  __TI_auto_init_nobinit_nopinit
000007e9  __TI_decompress_lzss          
00000a6b  __TI_decompress_none          
ffffffff  __TI_pprof_out_hndl           
ffffffff  __TI_prof_data_size           
ffffffff  __TI_prof_data_start          
00000000  __TI_static_base__            
000006e5  __aeabi_memcpy                
000006e5  __aeabi_memcpy4               
000006e5  __aeabi_memcpy8               
ffffffff  __binit__                     
ffffffff  __c_args__                    
UNDEFED   __mpu_init                    
20000000  __stack                       
0000094d  _c_int00_noargs               
UNDEFED   _system_post_cinit            
00000aaf  _system_pre_init              
00000ab3  abort                         
ffffffff  binit                         
00000000  g_pfnVectors                  
20000200  led                           
20000204  led_flag                      
0000026d  main                          
000006e5  memcpy                        


GLOBAL SYMBOLS: SORTED BY Symbol Address 

address   name                          
-------   ----                          
00000000  __TI_static_base__            
00000000  g_pfnVectors                  
00000200  __STACK_SIZE                  
0000026d  main                          
000002f7  GPIOFIntHandler               
0000030b  TIMER0IntHandler              
000003ad  GPIOPadConfigSet              
000004e1  SysCtlClockGet                
000005f1  SysCtlClockSet                
000006e5  __aeabi_memcpy                
000006e5  __aeabi_memcpy4               
000006e5  __aeabi_memcpy8               
000006e5  memcpy                        
00000781  IntEnable                     
000007e9  __TI_decompress_lzss          
00000851  TimerConfigure                
000008b1  GPIOIntTypeSet                
00000909  __TI_auto_init_nobinit_nopinit
0000094d  _c_int00_noargs               
00000985  SysCtlPeripheralEnable        
000009b9  GPIODirModeSet                
000009e5  IntPrioritySet                
00000a09  GPIOPinTypeGPIOOutput         
00000a21  TimerDisable                  
00000a39  GPIOPinTypeGPIOInput          
00000a4b  TimerLoadSet                  
00000a5d  TimerEnable                   
00000a6b  __TI_decompress_none          
00000a79  GPIOIntEnable                 
00000a85  ResetISR                      
00000a91  TimerIntEnable                
00000a99  GPIOIntClear                  
00000a9f  GPIOPinWrite                  
00000aa5  SysCtlDelay                   
00000aab  TimerIntClear                 
00000aaf  _system_pre_init              
00000ab3  C$$EXIT                       
00000ab3  abort                         
00000c3c  __TI_Handler_Table_Base       
00000c44  __TI_CINIT_Base               
00000c44  __TI_Handler_Table_Limit      
00000c4c  __TI_CINIT_Limit              
20000000  __stack                       
20000200  __STACK_END                   
20000200  __STACK_TOP                   
20000200  led                           
20000204  led_flag                      
ffffffff  __TI_pprof_out_hndl           
ffffffff  __TI_prof_data_size           
ffffffff  __TI_prof_data_start          
ffffffff  __binit__                     
ffffffff  __c_args__                    
ffffffff  binit                         
UNDEFED   __mpu_init                    
UNDEFED   _system_post_cinit            

[55 symbols]
