******************************************************************************
                  TI ARM Linker PC v18.1.2                     
******************************************************************************
>> Linked Sun Jul 22 09:04:55 2018

OUTPUT FILE NAME:   <SPWM4.out>
ENTRY POINT SYMBOL: "_c_int00_noargs"  address: 00000bb1


MEMORY CONFIGURATION

         name            origin    length      used     unused   attr    fill
----------------------  --------  ---------  --------  --------  ----  --------
  FLASH                 00000000   00040000  00001190  0003ee70  R  X
  SRAM                  20000000   00008000  00000530  00007ad0  RW X


SEGMENT ALLOCATION MAP

run origin  load origin   length   init length attrs members
----------  ----------- ---------- ----------- ----- -------
00000000    00000000    00001194   00001194    r-x
  00000000    00000000    0000026c   0000026c    r-- .intvecs
  0000026c    0000026c    00000b10   00000b10    r-x .text
  00000d7c    00000d7c    00000208   00000208    r-- .const
  00000f88    00000f88    0000020c   0000020c    r-- .cinit
20000000    20000000    00000530   00000000    rw-
  20000000    20000000    00000330   00000000    rw- .data
  20000330    20000330    00000200   00000000    rw- .stack


SECTION ALLOCATION MAP

 output                                  attributes/
section   page    origin      length       input sections
--------  ----  ----------  ----------   ----------------
.intvecs   0    00000000    0000026c     
                  00000000    0000026c     tm4c123gh6pm_startup_ccs.obj (.intvecs)

.text      0    0000026c    00000b10     
                  0000026c    000003b4     main.obj (.text)
                  00000620    00000132     driverlib.lib : gpio.obj (.text:GPIOPadConfigSet)
                  00000752    00000002     --HOLE-- [fill = 0]
                  00000754    00000110                   : sysctl.obj (.text:SysCtlClockGet)
                  00000864    000000f4                   : sysctl.obj (.text:SysCtlClockSet)
                  00000958    0000009c     rtsv7M4_T_le_v4SPD16_eabi.lib : memcpy_t2.asm.obj (.text)
                  000009f4    00000068     driverlib.lib : interrupt.obj (.text:IntEnable)
                  00000a5c    00000068     rtsv7M4_T_le_v4SPD16_eabi.lib : copy_decompress_lzss.c.obj (.text:decompress:lzss:__TI_decompress_lzss)
                  00000ac4    00000060     driverlib.lib : timer.obj (.text:TimerConfigure)
                  00000b24    00000048                   : gpio.obj (.text:GPIOPinConfigure)
                  00000b6c    00000044     rtsv7M4_T_le_v4SPD16_eabi.lib : autoinit.c.obj (.text:__TI_auto_init_nobinit_nopinit:__TI_auto_init_nobinit_nopinit)
                  00000bb0    00000038                                   : boot_cortex_m.c.obj (.text:_c_int00_noargs:_c_int00_noargs)
                  00000be8    00000034     driverlib.lib : sysctl.obj (.text:SysCtlPeripheralEnable)
                  00000c1c    0000002a                   : gpio.obj (.text:GPIODirModeSet)
                  00000c46    00000002     --HOLE-- [fill = 0]
                  00000c48    00000024                   : interrupt.obj (.text:IntPrioritySet)
                  00000c6c    00000022                   : pwm.obj (.text:PWMGenConfigure)
                  00000c8e    0000001e                   : pwm.obj (.text:PWMPulseWidthSet)
                  00000cac    00000014                   : sysctl.obj (.text:SysCtlPWMClockSet)
                  00000cc0    00000012                   : gpio.obj (.text:GPIOPinTypeGPIOInput)
                  00000cd2    00000012                   : gpio.obj (.text:GPIOPinTypePWM)
                  00000ce4    00000012                   : pwm.obj (.text:PWMOutputState)
                  00000cf6    00000012                   : timer.obj (.text:TimerLoadSet)
                  00000d08    00000010                   : pwm.obj (.text:PWMDeadBandEnable)
                  00000d18    00000010                   : pwm.obj (.text:PWMGenPeriodSet)
                  00000d28    0000000e                   : timer.obj (.text:TimerEnable)
                  00000d36    0000000e     rtsv7M4_T_le_v4SPD16_eabi.lib : copy_decompress_none.c.obj (.text:decompress:none:__TI_decompress_none)
                  00000d44    0000000c     driverlib.lib : pwm.obj (.text:PWMGenEnable)
                  00000d50    0000000c     tm4c123gh6pm_startup_ccs.obj (.text)
                  00000d5c    00000008     driverlib.lib : timer.obj (.text:TimerIntEnable)
                  00000d64    00000006                   : gpio.obj (.text:GPIOPinRead)
                  00000d6a    00000006                   : sysctl.obj (.text:SysCtlDelay)
                  00000d70    00000004                   : timer.obj (.text:TimerIntClear)
                  00000d74    00000004     rtsv7M4_T_le_v4SPD16_eabi.lib : pre_init.c.obj (.text:_system_pre_init)
                  00000d78    00000004                                   : exit.c.obj (.text:abort:abort)

.const     0    00000d7c    00000208     
                  00000d7c    0000009c     driverlib.lib : interrupt.obj (.const:g_pui32Regs)
                  00000e18    00000090                   : gpio.obj (.const:g_pui32GPIOBaseAddrs)
                  00000ea8    00000070                   : interrupt.obj (.const)
                  00000f18    0000006c                   : sysctl.obj (.const:g_pui32Xtals)

.cinit     0    00000f88    0000020c     
                  00000f88    000001fc     (.cinit..data.load) [load image, compression = lzss]
                  00001184    00000008     (__TI_handler_table)
                  0000118c    00000008     (__TI_cinit_table)

.init_array 
*          0    00000000    00000000     UNINITIALIZED

.data      0    20000000    00000330     UNINITIALIZED
                  20000000    00000320     main.obj (.data:SPWMData)
                  20000320    00000010     main.obj (.data)

.stack     0    20000330    00000200     UNINITIALIZED
                  20000330    00000004     rtsv7M4_T_le_v4SPD16_eabi.lib : boot_cortex_m.c.obj (.stack)
                  20000334    000001fc     --HOLE--

MODULE SUMMARY

       Module                         code   ro data   rw data
       ------                         ----   -------   -------
    .\
       main.obj                       948    0         816    
       tm4c123gh6pm_startup_ccs.obj   12     620       0      
    +--+------------------------------+------+---------+---------+
       Total:                         960    620       816    
                                                              
    D:/ti/TivaWare_C_Series-2.1.4.178/driverlib/ccs/Debug/driverlib.lib
       sysctl.obj                     594    108       0      
       gpio.obj                       462    144       0      
       interrupt.obj                  140    268       0      
       timer.obj                      140    0         0      
       pwm.obj                        126    0         0      
    +--+------------------------------+------+---------+---------+
       Total:                         1462   520       0      
                                                              
    D:\ti\ccsv8\tools\compiler\ti-cgt-arm_18.1.2.LTS\lib\rtsv7M4_T_le_v4SPD16_eabi.lib
       memcpy_t2.asm.obj              156    0         0      
       copy_decompress_lzss.c.obj     104    0         0      
       autoinit.c.obj                 68     0         0      
       boot_cortex_m.c.obj            56     0         0      
       copy_decompress_none.c.obj     14     0         0      
       exit.c.obj                     4      0         0      
       pre_init.c.obj                 4      0         0      
    +--+------------------------------+------+---------+---------+
       Total:                         406    0         0      
                                                              
       Stack:                         0      0         512    
       Linker Generated:              0      524       0      
    +--+------------------------------+------+---------+---------+
       Grand Total:                   2828   1664      1328   


LINKER GENERATED COPY TABLES

__TI_cinit_table @ 0000118c records: 1, size/record: 8, table size: 8
	.data: load addr=00000f88, load size=000001fc bytes, run addr=20000000, run size=00000330 bytes, compression=lzss


LINKER GENERATED HANDLER TABLE

__TI_handler_table @ 00001184 records: 2, size/record: 4, table size: 8
	index: 0, handler: __TI_decompress_lzss
	index: 1, handler: __TI_decompress_none


GLOBAL SYMBOLS: SORTED ALPHABETICALLY BY Name 

address   name                          
-------   ----                          
00000465  ButtonDown                    
00000d79  C$$EXIT                       
00000c1d  GPIODirModeSet                
00000621  GPIOPadConfigSet              
00000b25  GPIOPinConfigure              
00000d65  GPIOPinRead                   
00000cc1  GPIOPinTypeGPIOInput          
00000cd3  GPIOPinTypePWM                
000009f5  IntEnable                     
00000c49  IntPrioritySet                
00000d09  PWMDeadBandEnable             
00000c6d  PWMGenConfigure               
00000d45  PWMGenEnable                  
00000d19  PWMGenPeriodSet               
00000ce5  PWMOutputState                
00000c8f  PWMPulseWidthSet              
20000328  Period                        
2000032c  PulseWid                      
00000d51  ResetISR                      
20000000  SPWMData                      
00000755  SysCtlClockGet                
00000865  SysCtlClockSet                
00000d6b  SysCtlDelay                   
00000cad  SysCtlPWMClockSet             
00000be9  SysCtlPeripheralEnable        
00000505  TIMER0IntHandler              
00000ac5  TimerConfigure                
00000d29  TimerEnable                   
00000d71  TimerIntClear                 
00000d5d  TimerIntEnable                
00000cf7  TimerLoadSet                  
20000530  __STACK_END                   
00000200  __STACK_SIZE                  
20000530  __STACK_TOP                   
0000118c  __TI_CINIT_Base               
00001194  __TI_CINIT_Limit              
00001184  __TI_Handler_Table_Base       
0000118c  __TI_Handler_Table_Limit      
00000b6d  __TI_auto_init_nobinit_nopinit
00000a5d  __TI_decompress_lzss          
00000d37  __TI_decompress_none          
ffffffff  __TI_pprof_out_hndl           
ffffffff  __TI_prof_data_size           
ffffffff  __TI_prof_data_start          
00000000  __TI_static_base__            
00000959  __aeabi_memcpy                
00000959  __aeabi_memcpy4               
00000959  __aeabi_memcpy8               
ffffffff  __binit__                     
ffffffff  __c_args__                    
UNDEFED   __mpu_init                    
20000330  __stack                       
00000bb1  _c_int00_noargs               
UNDEFED   _system_post_cinit            
00000d75  _system_pre_init              
00000d79  abort                         
ffffffff  binit                         
20000324  frequency                     
00000000  g_pfnVectors                  
20000320  i                             
0000026d  main                          
00000959  memcpy                        


GLOBAL SYMBOLS: SORTED BY Symbol Address 

address   name                          
-------   ----                          
00000000  __TI_static_base__            
00000000  g_pfnVectors                  
00000200  __STACK_SIZE                  
0000026d  main                          
00000465  ButtonDown                    
00000505  TIMER0IntHandler              
00000621  GPIOPadConfigSet              
00000755  SysCtlClockGet                
00000865  SysCtlClockSet                
00000959  __aeabi_memcpy                
00000959  __aeabi_memcpy4               
00000959  __aeabi_memcpy8               
00000959  memcpy                        
000009f5  IntEnable                     
00000a5d  __TI_decompress_lzss          
00000ac5  TimerConfigure                
00000b25  GPIOPinConfigure              
00000b6d  __TI_auto_init_nobinit_nopinit
00000bb1  _c_int00_noargs               
00000be9  SysCtlPeripheralEnable        
00000c1d  GPIODirModeSet                
00000c49  IntPrioritySet                
00000c6d  PWMGenConfigure               
00000c8f  PWMPulseWidthSet              
00000cad  SysCtlPWMClockSet             
00000cc1  GPIOPinTypeGPIOInput          
00000cd3  GPIOPinTypePWM                
00000ce5  PWMOutputState                
00000cf7  TimerLoadSet                  
00000d09  PWMDeadBandEnable             
00000d19  PWMGenPeriodSet               
00000d29  TimerEnable                   
00000d37  __TI_decompress_none          
00000d45  PWMGenEnable                  
00000d51  ResetISR                      
00000d5d  TimerIntEnable                
00000d65  GPIOPinRead                   
00000d6b  SysCtlDelay                   
00000d71  TimerIntClear                 
00000d75  _system_pre_init              
00000d79  C$$EXIT                       
00000d79  abort                         
00001184  __TI_Handler_Table_Base       
0000118c  __TI_CINIT_Base               
0000118c  __TI_Handler_Table_Limit      
00001194  __TI_CINIT_Limit              
20000000  SPWMData                      
20000320  i                             
20000324  frequency                     
20000328  Period                        
2000032c  PulseWid                      
20000330  __stack                       
20000530  __STACK_END                   
20000530  __STACK_TOP                   
ffffffff  __TI_pprof_out_hndl           
ffffffff  __TI_prof_data_size           
ffffffff  __TI_prof_data_start          
ffffffff  __binit__                     
ffffffff  __c_args__                    
ffffffff  binit                         
UNDEFED   __mpu_init                    
UNDEFED   _system_post_cinit            

[62 symbols]
